[  0.000000] Initializing cgroup subsys cpuset
[    0.000000] Initializing cgroup subsys cpu
[    0.000000] Initializing cgroup subsys cpuacct
[     0.000000] Linux version 4.4.0-128-generic (budd@lcy01-amd64-019) (gcc version 5.4.0 20160609 (Ubuntu 5.4.0-6ubuntu1~16.04.9) ) #154-Ubuntu SMP Fri May 25 14:15:18 UTC 20118 (Ubuntu 4.4.0-128.154-generic 4.4.131)
[    0.000000] Commd line: BOOT_IMAGE=/boot/vmlinuz-4.4.0-128-generic root=UUID=4495ca59-6f63-4cd0-b56d-2100a2095754 ro console=tty1 console=ttyS0
[  0.000000] KERNEL spprtedpus:
[    0.000000]  ntel GuineIntel
[    0.000000]   AMDAuhenticAMD
[    0.000000]   Centaur CentaurHauls
[    0.000000] x86/fpu: xstate_offset[2]:  576, xstate_sizes[2]:  256
[    0.000000] x86/fpu: Supporting XSAVE feature 0x01: 'x87 flting point registers'
[    0.000000] x86/fpu: Supporting XSAVE feature 0x02: 'SSE registers'
[    0.000000] x86/fpu: Supporting XSAVE feature 0x04: 'AVX registers'
[   0000000] x86/fpu: Enabl xstate eaures 0x7, context size is 832 bytes, using 'stdard fmat.
[    0.000000] x86/fpu: Using 'lay'FPU contxtswitches.
[    0.000000] e820: BIOS-provided physical RAM map:
[    0.000000] BIOS-e820: [mm x000000000000000-0x000000000009fbff] usabe[    0.000000] BIOS-e820: [mem 0x000000000009fc00-0x000000000009ffff] reserved
[    0.000000] BIOS-e820: [mem 0x00000000000f0000-0x00000000000fffff] reserved
[    0.000000] BIOS-e820: [mem 0x00000000001000000x00000007ffeffff] usable
[    000000] BIOS-e820: [mem 0x000000007fff0000-0x000000007fffffff] ACPI data
[    0.000000] BIOS-e820: [mem 0x00000000fec00000-0x00000000fec00fff] rerved
[    0.0000] BIS-820: [mem 0x00000000fee00000-0x00000000fee00fff] reserved
[    0.000000] BIOS-e820: [mem 0x00000000fffc0000-0x00000000ffffff] reserved
[    0.000000] NX (Execute Disable) protection: active
[    0.000000] SMBIOS 2.5 present.
[    0.000000] Hypeisor dected KV
[  0.00000] e820: last_pfn = 0x7fff0 max_arch_pfn = 0x400000000
[    0.000000] MTRR: Disabled
[   0.0000] x86/PAT: MTRRs disabled, skipping PAT initiization too.
[    0.000000] CPU MTRRs all blank - viruaized sstm.
[    0.000000] x86/PAT: Configuration [0-7]:   WTUC- UC  WB  WT  UC- UC  
[    0.000000] found SMP MP-table at [mem 0x0009fff0-0x0009ffff] mapped at fff880009ff0
[   .000000] Scanning 1 areas for low memory corruption
[    0.000000] RAMDISK: [mem 0x36206000-0x370fafff]
[    0.000000] ACPI: Early table checksum verification disabled
[    0.000000] ACPI: RSDP 0x00000000000E0000 000024 (v02 VBOX  )
[    0.000000] ACPI: XSDT 0x000000007FFF0030 00003C (v01 VBOX   VBOXXSDT 00000001 ASL  00000061)
[    0.000000] ACPI: FACP 0x000000007FFF00F0 0000F4 (v04 VBOX   VBOXFACP 00000001 ASL  00000061)
[    0.000000] ACPI: DSDT 0x000000007FFF0470 0021FF (v02 VBOX   VBOXBIOS 00000002 INTL 20100528)
[    0.000000] ACPI: FACS 0x000000007FFF0200 000040
[    0.000000] ACPI: FACS 0x000000007FFF0200 000040
[    0.000000] ACPI: APIC 000000007FFF0240 00005C (v02 VBO  VBOXAPIC 00000001 ASL  00000061)
[    0.000000] ACPI: SSDT 0x0000007FFF02A0 0001CC (v01 VBOX   VBOXCPUT 00000002 INTL 20100528)
[    0.000000] No NUMA configuration found
[    0.000000] Faking a node at [mem 0x0000000000000000-0x000000007ffeffff]
[    0.000000] NODE_DATA(0) allocated [mem 0x7ffeb000-0x7ffeffff]
[    0.000000] kvm-clock: Using msrs 4b564d01 and 4b5644d00
[    0.000000] kvm-clock: cpu 0, msr 0:7e3001, primary cpu clock
[   0000000] kvm-clock: using sched offset of 4451033156 cycles
[    0.000000] clocksource: kvm-clock: mask: 0xffffffffffffffff max_cycles: 0x1cd42e4dffb, max_idle_ns: 881590591483 ns
[    0.000000] Zone ranges:
[    0.000000] DMA      [mem 0x0000000000001000-0x0000000000ffffff]
[    0.000000]   DMA32    [mem 0x0000000001000000-0x000000007ffeffff]
[    0.000000]   Normal   empty
[    0.000000  Device   empty
[  0.0000] Movble zone start for each node
[    0.000000] Early memory node ranes
[    0.000000]   node   0: [mem 0x0000000000001000x0000000009efff]
[    0.000000]   node   0: [mem 0x0000000000100000-0x000000007ffeffff]
[    0.000000] Initmem sep node0 mem 0x0000000000001000-0x000000007ffeffff]
[    0.000000] ACPI: PM-Timer IO Port: 0x08
[    0.000000] IOAPIC[0]: apic_id 2, version 32, address 0xfec00000, GSI 0-23
[    0.000000] ACPI: INT_SRC_OVR (bus 0 bus_irq 0 global_irq 2 dfl dfl)
[    0.000000] ACPI: INT_SRC_OVR (bus 0 bus_irq 9 global_irq 9 low level)
[    0.000000] Using ACPI (MADT) for SMP configuration information
[    0.000000] smpboot: Allowing 2 CPUs, 0 hotplugPUs
[   0.000000] PM: Registered nosave memory: [mem 0x00000000-0x00000fff]
[    0.000000] PM: Registered nosave memory: [mem 0x0009f000-0x0009ffff]
[    0.000000] PM: Registered nosave memory: [mem 0x000a0000-0x000effff]
[    0.000000] PM: Registered nosave memory: [mem 0x000f0000-0x000fffff]
[    0.000000] e820: [mem 0x80000000-xfebfffff] available for PCI devices
[    0.000000] Booting paravirtualized kernel on KVM
[    0.000000] clocksource:reined-jiffies: mask: 0xffffffff max_cycles: 0xffffffff, max_idle_ns: 7645519600211568 ns
[    0.000000] setup_percpu: NR_CPUS:512 nr_cpumask_bits:512 nr_cpu_ids:2 nr_node_ids:1
[    0.000000] PERCPU: Embedded 34 pages/cpu @ffff88007fc00000 s99544 r8192 d31528 u1048576
[    0.000000] PV qspinlock hash table entries: 256 (order: 0, 4096 bytes)
[    0.000000] Built 1 zonelists in Node order, mobility grouping on.  Total pages: 515960
[    0.000000] Policy zone: DMA32
[    0.000000] Kernel command line: BOOT_IMAGE=/boot/vmlinuz-4.4.0-128-generic root=UUID=4495ca59-6f63-4cd0-b56d-2100a2095754 ro console=tty1 console=ty0
[    0.000000] PID hash tle entrie: 4096 (order: 3, 32768 byt)
[  0.0000] Memory:029396K/2096696K available (8541kernel code, 1313K rwdata, 4000K rodata, 1512K init, 1316K bss, 67300K reserved, 0K cma-reservd)
[   0.00000] SLUB: HWalign=64, Order=0-3, MinObjects=0, CPUs=2, Nodes=
[    0.000000] Kernel/User page abes isolation: enabled
[    0.000000] Hierarical RCU mpementation.
[   .000000] 	Build-time adjustment of leaf fanout to 64.[   .000000] 	RCU restricting CPUs from NR_CPUS=512 to n_cu_ids=.
[    0.000000]CU: Adjusting geometr for rcu_fanout_leaf=64, nr_cpu_ids=2
[    0.000000] NR_IQS:33024 nr_irqs:440 16
[    0.000000] Conso: coou VGA 80x25
[    0.000000] console [tt1] enabled
[  0.000000] console [ttyS0] enabled
[    0.000000] tsc: Detected 2712.002 MHz processor
[    4.785057] Calibrating delay loop (skipped) preset value.. 5424.00 BogoMIPS (lpj=10848008)
[    4.834973] pid_max: default: 32768 minimum: 301
[    4.851711] ACPI: Core revision 20150930
[    4.868957] ACPI: 2 ACPI AML tables successfully acquired and loaded
[    4.914478] Security Framework initialized
[    4.931301] Yama: becoming mindful.
[    4.939525] AppArmor: AppArmor initialized
[    4.951285] Dentry cache hash table entries: 262144 (order: 9, 2097152 bytes)
[    4.997890] Inode-cache hash table entries: 131072 (order: 8, 1048576 bytes)
[    5.006262] Mount-cache hash table entries: 4096 (order: 3, 32768 bytes)
[    5.030675] Mountpoint-cache hash table entries: 4096 (order: 3, 32768 bytes)
[    5.043244] Initializing cgroup subsys io
[    5.060744] Initializing cgroup subsys memory
[    5.089664] Initializing cgroup subsys devices
[    5.111574] Initializing cgroup subsys freezer
[    5.113459] Initializing cgroup subsys net_cls
[    5.146958] Initializing cgroup subsys perf_event
[    5.183282] Initializing cgroup subsys net_prio
[    5.185210] Initializing cgroup subsys hugetlb
[    5.212607] Initializing cgroup subsys pids
[    5.234237] CPU: Physical Processor ID: 0
[    5.253083] CPU: Processor Core ID: 0
[    5.257457] mce: CPU supports 0 MCE banks
[    5.259681] Last level iTLB entries: 4KB 64, 2MB 8, 4MB 8
[    5.274613] Last level dTLB entries: 4KB 64, 2MB 0, 4MB 0, 1GB 4
[    5.307390] Spectre V2 : Mitigation: Full generic retpoline
[    5.329984] Spectre V2 : Speculation control IBPB not-supported IBRS not-supported
[    5.356148] Spectre V2 : Filling RSB on context switch
[    5.358519] Speculative Store Bypass: Vulnerable
[    5.402082] Freeing SMP alternatives memory: 32K
[    5.460683] ftrace: allocating 32236 entries in 126 pages
[    5.560251] smpboot: APIC(0) Converting physical 0 to logical package 0
[    5.585290] smpboot: Max logical packages: 1
[    5.587167] x2apic enabled
[    5.598110] Switched APIC routing to physical x2apic.
[    5.608518] ..TIMER: vector=0x30 apic1=0 pin1=2 apic2=-1 pin2=-1
[    5.734371] smpboot: CPU0: Intel(R) Core(TM) i5-7200U CPU @ 2.50GHz (family: 0x6, model: 0x8e, stepping: 0x9)
[    5.782018] Performance Events: unsupported p6 CPU model 142 no PMU driver, software events only.
[    5.785064] KVM setup paravirtual spinlock
[    5.791145] x86: Booting SMP configuration:
[    5.821151] .... node  #0, CPUs:      #1
[    5.856430] kvm-clock: cpu 1, msr 0:7ffe3041, secondary cpu clock
[    5.912520] mce: CPU supports 0 MCE banks
[    5.925460] x86: Booted up 1 node, 2 CPUs
[    5.927241] smpboot: Total of 2 processors activated (10848.00 BogoMIPS)
[    5.984640] devtmpfs: initialized
[    6.009287] evm: security.selinux
[    6.029958] evm: security.SMACK64
[    6.039154] evm: security.SMACK64EXEC
[    6.043289] evm: security.SMACK64TRANSMUTE
[    6.062003] evm: security.SMACK64MMAP
[    6.084587] evm: security.ima
[    6.085849] evm: security.capability
[    6.094183] clocksource: jiffies: mask: 0xffffffff max_cycles: 0xffffffff, max_idle_ns: 7645041785100000 ns
[    6.133458] futex hash table entries: 512 (order: 3, 32768 bytes)
[    6.174843] pinctrl core: initialized pinctrl subsystem
[    6.214944] RTC time:  7:14:11, date: 06/21/18
[    6.228851] NET: Registered protocol family 16
[    6.243185] cpuidle: using governor ladder
[    6.302325] cpuidle: using governor menu
[    6.324385] PCCT header not found.
[    6.325513] ACPI: bus type PCI registered
[    6.326725] acpiphp: ACPI Hot Plug PCI Controller Driver version: 0.5
[    6.363574] PCI: Using configuration type 1 for base access
[    6.375079] ACPI: Added _OSI(Module Device)
[    6.389063] ACPI: Added _OSI(Processor Device)
[    6.406530] ACPI: Added _OSI(3.0 _SCP Extensions)
[    6.416340] ACPI: Added _OSI(Processor Aggregator Device)
[    6.444442] ACPI: Executed 1 blocks of module-level executable AML code
[    6.513241] ACPI: Interpreter enabled
[    6.527206] ACPI: (supports S0 S5)
[    6.544179] ACPI: Using IOAPIC for interrupt routing
[    6.574902] PCI: Using host bridge windows from ACPI; if necessary, use "pci=nocrs" and report a bug
[    6.582943] ACPI: PCI Root Bridge [PCI0] (domain 0000 [bus 00-ff])
[    6.589770] acpi PNP0A03:00: _OSC: OS supports [ASPM ClockPM Segments MSI]
[    6.591702] acpi PNP0A03:00: _OSC: not requesting OS control; OS requires [ExtendedConfig ASPM ClockPM MSI]
[    6.611549] acpi PNP0A03:00: fail to add MMCONFIG information, can't access extended PCI configuration space under this bridge.
[    6.624784] PCI host bridge to bus 0000:00
[    6.628477] pci_bus 0000:00: root bus resource [io  0x0000-0x0cf7 window]
[    6.647190] pci_bus 0000:00: root bus resource [io  0x0d00-0xffff window]
[    6.667570] pci_bus 0000:00: root bus resource [mem 0x000a0000-0x000bffff window]
[    6.670133] pci_bus 0000:00: root bus resource [mem 0x80000000-0xfdffffff window]
[    6.691894] pci_bus 0000:00: root bus resource [bus 00-ff]
[    6.701029] pci 0000:00:01.1: legacy IDE quirk: reg 0x10: [io  0x01f0-0x01f7]
[    6.739499] pci 0000:00:01.1: legacy IDE quirk: reg 0x14: [io  0x03f6]
[    6.756678] pci 0000:00:01.1: legacy IDE quirk: reg 0x18: [io  0x0170-0x0177]
[    6.774991] pci 0000:00:01.1: legacy IDE quirk: reg 0x1c: [io  0x0376]
[    6.820538] pci 0000:00:07.0: quirk: [io  0x4000-0x403f] claimed by PIIX4 ACPI
[    6.833084] pci 0000:00:07.0: quirk: [io  0x4100-0x410f] claimed by PIIX4 SMB
[    6.870443] ACPI: PCI Interrupt Link [LNKA] (IRQs 5 9 10 *11)
[    6.916991] ACPI: PCI Interrupt Link [LNKB] (IRQs 5 9 *10 11)
[    6.919213] ACPI: PCI Interrupt Link [LNKC] (IRQs 5 *9 10 11)
[    6.921826] ACPI: PCI Interrupt Link [LNKD] (IRQs 5 9 10 *11)
[    6.924166] ACPI: Enabled 2 GPEs in block 00 to 07
[    6.925979] vgaarb: setting as boot device: PCI:0000:00:02.0
[    6.955974] vgaarb: device added: PCI:0000:00:02.0,decodes=io+mem,owns=io+mem,locks=none
[    6.958694] vgaarb: loaded
[    6.959781] vgaarb: bridge control possible 0000:00:02.0
[    6.964357] SCSI subsystem initialized
[    6.978048] ACPI: bus type USB registered
[    7.010719] usbcore: registered new interface driver usbfs
[    7.037272] usbcore: registered new interface driver hub
[    7.038866] usbcore: registered new device driver usb
[    7.040886] PCI: Using ACPI for IRQ routing
[    7.044111] NetLabel: Initializing
[    7.060961] NetLabel:  domain hash size = 128
[    7.087694] NetLabel:  protocols = UNLABELED CIPSOv4
[    7.089175] NetLabel:  unlabeled traffic allowed by default
[    7.090930] amd_nb: Cannot enumerate AMD northbridges
[    7.128639] clocksource: Switched to clocksource kvm-clock
[    7.151271] AppArmor: AppArmor Filesystem Enabled
[   7.153344] pnp: PnP ACPI init
[  7192438] pnp: PnP ACPI: found 3 devices

[   .3498]clocksource:cpi_pm: mask: 0xffffff maxcyle 0ffff mx_dl_n: 085701024 ns
[    7.920740] NET: Regiered protocol family 2

[    7.981435] TCP established hash table entries: 16384 (order: 5, 131072 bytes)
[    7.984029] TC bndhah abe ntie: 6384 (order: 6, 214byes
[   8.4981] TCP: Hash tables configured (established 16384 bind 16384)
[  85971UDhah table entries: 1024 (order: 3, 32768 bytes)
[    8.892852] UDP-Lite hash table entries: 1024 (order: 3, 32768 bytes)
[    8.895444] NET: Registered protocol family 1
[   8.897313] pci 0000:00:00.0: Limiting direct PCI/PCI transfers
[    8.928296] pci 0000:00:01.0: Activating ISA DMA hang workarounds
[    8.930137] Unpacking initramfs...

[   .267] Freeing initrd memory: 15316K
[  9.401462] platform rtccmos: registered platform RTC device (no PNP deve ound)
[    9.630770] Scanning for low memory corruptonevry60seon
[    9.862819] audit: initializing netlink subsys (disabled)
[    9.866031] audit: type=2000 audit(1529565254.644:1): initialized
[    9.868246] Initialise system trusted keyring
[    9.869940] HugeTLB registered 2 MB page size, pre-allocated 0 pages
[    9.873520] zbud: loaded
[    9.876121] VFS: Disk quotas dquot_6.6.0
[    9.886109] VFS: Dquot-cache hash table entries: 512 (order 0, 4096 bytes)
[    9.901549] squashfs: version 4.0 (2009/01/31) Phillip Lougher
[    9.921955] fuse init (API version 7.23)
[    9.927107] Key type big_key registered
[    9.930293] Allocating IMA MOK and blacklist keyrings.
[    9.939444] Key type asymmetric registered
[    9.943780] Asymmetric key parser 'x509' registered
[    9.953019] Block layer SCSI generic (bsg) driver version 0.4 loaded (major 249)
[    9.958660] io scheduler noop registered
[    9.959963] io scheduler deadline registered (default)
[    9.969136] io scheduler cfq registered
[    9.970647] pci_hotplug: PCI Hot Plug PCI Core version: 0.5
[    9.973581] pciehp: PCI Express Hot Plug Controller Driver version: 0.4
[    9.977216] ACPI: AC Adapter [AC] (on-line)
[    9.980025] input: Power Button as /devices/LNXSYSTM:00/LNXPWRBN:00/input/input0
[    9.988366] ACPI: Power Button [PWRF]
[    9.989674] input: Sleep Button as /devices/LNXSYSTM:00/LNXSLPBN:00/input/input1
[   10.009918] ACPI: Sleep Button [SLPF]
[   10.012737] ACPI: Battery Slot [BAT0] (battery present)
[   10.012743] GHES: HEST is not enabled!
[   10.017415] Serial: 8250/16550 driver, 32 ports, IRQ sharing enabled
[ 10049230] 00:02: ttyS0 at I/O 0x3f8 (irq = 4, base_baud = 115200) is a 16550A

[ 101450] inx gpart interface v0.103
[   10.405659] tsc: Refine TC loksource calibrtin:272.13MH
[   10.770007] clocksource: tsc: mask: 0xffffffffffffffff max_cycles: 0x271792de855, max_idle_ns: 440795272810 ns
[   10.800059] loop: module loaded
[   10.804970] scsi host0: ata_piix
[   10.809172] scsi host1: ata_piix
[   10.811935] ata1: PATA max UDMA/33 cmd 0x1f0 ctl 0x3f6 bmdma 0xd000 irq 14
[   10.831768] ata2: PATA max UDMA/33 cmd 0x170 ctl 0x376 bmdma 0xd008 irq 15
[   10.835335] libphy: Fixed MDIO Bus: probed
[   10.836976] tun: Universal TUN/TAP device driver, 1.6
[   10.846173] tun: (C) 1999-2004 Max Krasnyansky <maxk@qualcomm.com>
[   10.847873] PPP generic driver version 2.4.2
[   10.850766] ehci_hcd: USB 2.0 'Enhanced' Host Controller (EHCI) Driver
[   10.857499] ehci-pci: EHCI PCI platform driver
[   10.861049] ehci-platform: EHCI generic platform driver
[   10.865123] ohci_hcd: USB 1.1 'Open' Host Controller (OHCI) Driver
[   10.867767] ohci-pci: OHCI PCI platform driver
[   10.868934] ohci-platform: OHCI generic platform driver
[   10.870238] uhci_hcd: USB Universal Host Controller Interface driver
[   10.875510] i8042: PNP: PS/2 Controller [PNP0303:PS2K,PNP0f03:PS2M] at 0x60,0x64 irq 1,12
[   10.889957] serio: i8042 KBD port at 0x60,0x64 irq 1
[   10.901347] serio: i8042 AUX port at 0x60,0x64 irq 12
[   10.916697] mousedev: PS/2 mouse device common for all mice
[   10.921319] input: AT Translated Set 2 keyboard as /devices/platform/i8042/serio0/input/input2
[   10.925892] rtc_cmos rtc_cmos: rtc core: registered rtc_cmos as rtc0
[   109253] tc_cmos rtc_cmos: alarms up to one day,11 bte nam
[   11.265899] i2c /dev entries driver
[   11.267642] device-mapper: uevent: version 1.0.3
[   11.269833] device-mapper: ioctl: 4.34.0-ioctl (2015-10-28) initialised: dm-devel@redhat.com
[   11.274899] ledtrig-cpu: registered to indicate activity on CPUs
[   11.279754] NET: Registered protocol family 10
[   11.289746] NET: Registered protocol family 17
[   11.305910] Key type dns_resolver registered
[   11.316837] registered taskstats version 1
[   11.318043] Loading compiled-in X.509 certificates
[   11.319957] Loaded X.509 cert 'Build time autogenerated kernel key: fc7b57a7df019f2655f66a8a374d74ee8f4999fc'
[   11.323132] zswap: loaded using pool lzo/zbud
[   11.335336] Key type trusted registered
[   11.350742] Key type encrypted registered
[   11.375038] AppArmor: AppArmor sha1 policy hashing enabled
[   11.388774] ima: No TPM chip found, activating TPM-bypass!
[   11.395551] evm: HMAC attrs: 0x1
[   11.398722]   Magic number: 6:486:218
[   11.409588]   hash matches /build/linux-prqDW9/linux-4.4.0/drivers/base/power/main.c:611
[   11.412834] rtc_cmos rtc_cmos: setting system clock to 2018-06-21 07:14:16 UTC (1529565256)
[   11.423321] BIOS EDD facility v0.16 2004-Jun-25, 0 devices found
[   11.427026] EDD information not available.
[   11.433260] Freeing unused kernel memory: 1512K
[   11.453101] Write protecting the kernel read-only data: 14336k
[   11.471964] Freeing unused kernel memory: 1688K
[   11.798159] Freeing unused kernel memory: 96K
Loading, please [   11.844363] random: systemd-udevd: uninitialized urandom read (16 bytes read, 5 bits of entropy available)
wait...
starting version 229
[   11.845189] random: udevadm: uninitialized urandom read (16 bytes read, 5 bits of entropy available)
[   11.845221] random: udevadm: uninitialized urandom read (16 bytes read, 5 bits of entropy available)
[   11.860483] random: udevadm: uninitialized urandom read (16 bytes read, 5 bits of entropy available)
[   11.860539] random: udevadm: uninitialized urandom read (16 bytes read, 5 bits of entropy available)
[   11.860844] random: udevadm: uninitialized urandom read (16 bytes read, 5 bits of entropy available)
[   11.860923] random: udevadm: uninitialized urandom read (16 bytes read, 5 bits of entropy available)
[   11.861002] random: udevadm: uninitialized urandom read (16 bytes read, 5 bits of entropy available)
[   11.861101] random: udevadm: uninitialized urandom read (16 bytes read, 5 bits of entropy available)
[   11.861180] random: udevadm: uninitialized urandom read (16 bytes read, 5 bits of entropy available)
[   11.972303] e1000: Intel(R) PRO/1000 Network Driver - version 7.3.21-k8-NAPI
[   12.009451] e1000: Copyright (c) 1999-2006 Intel Corporation.
[   12.032917] Fusion MPT base driver 3.04.20
[   12.038410] Copyright (c) 1999-2008 LSI Corporation
[   12.072313] Fusion MPT SPI Host driver 3.04.20
[   12.074659] AVX2 version of gcm_enc/dec engaged.
[   12.076112] mptbase: ioc0: Initiating bringup
[   12.088931] AES CTR mode by8 optimization enabled
[   12.141043] ioc0: LSI53C1030 A0: Capabilities={Initiator}
[   12.795868] input: ImExPS/2 Generic Explorer Mouse as /devices/platform/i8042/serio1/input/input4
[   12.955101] scsi host2: ioc0: LSI53C1030 A0, FwRev=00000000h, Ports=1, MaxQ=256, IRQ=20
[   13.074339] scsi 2:0:0:0: Direct-Access     VBOX     HARDDISK         1.0  PQ: 0 ANSI: 5
[   13.111291] scsi target2:0:0: Beginning Domain Validation
[   13.150490] scsi target2:0:0: Domain Validation skipping write tests
[   13.186678] scsi target2:0:0: Ending Domain Validation
[   13.208828] scsi target2:0:0: asynchronous
[   13.224819] scsi 2:0:1:0: Direct-Access     VBOX     HARDDISK         1.0  PQ: 0 ANSI: 5
[   13.246529] scsi target2:0:1: Beginning Domain Validation
[   13.257475] scsi target2:0:1: Domain Validation skipping write tests
[   13.288296] scsi target2:0:1: Ending Domain Validation
[   13.314889] scsi target2:0:1: asynchronous
[   13.345854] sd 2:0:0:0: Attached scsi generic sg0 type 0
[   13.347485] sd 2:0:0:0: [sda] 20971520 512-byte logical blocks: (10.7 GB/10.0 GiB)
[   13.361447] sd 2:0:1:0: [sdb] 20480 512-byte logical blocks: (10.5 MB/10.0 MiB)
[   13.374747] sd 2:0:1:0: Attached scsi generic sg1 type 0
[   13.381110] sd 2:0:0:0: [sda] Write Protect is off
[   13.387869] sd 2:0:1:0: [sdb] Write Protect is off
[   13.389635] sd 2:0:1:0: [sdb] Incomplete mode parameter data
[   13.414377] sd 2:0:1:0: [sdb] Assuming drive cache: write through
[   13.417207] sd 2:0:0:0: [sda] Incomplete mode parameter data
[   13.430467] sd 2:0:0:0: [sda] Assuming drive cache: write through
[   13.473610]  sda: sda1
[   13.482424] sd 2:0:0:0: [sda] Attached SCSI disk
[   13.521292] sd 2:0:1:0: [sdb] Attached SCSI disk
[   13.614012] e1000 0000:00:03.0 eth0: (PCI:33MHz:32-bit) 02:69:07:7b:a1:bd
[   13.617481] e1000 0000:00:03.0 eth0: Intel(R) PRO/1000 Network Connection
[   14.041181] e1000 0000:00:08.0 eth1: (PCI:33MHz:32-bit) 08:00:27:ee:2e:85
[   14.043557] e1000 0000:00:08.0 eth1: Intel(R) PRO/1000 Network Connection
[   14.056044] e1000 0000:00:03.0 enp0s3: renamed from eth0
[   14.084410] e1000 0000:00:08.0 enp0s8: renamed from eth1
Begin: Loading e[   15.780228] md: linear personality registered for level -1
ssential drivers ... [   15.791664] md: multipath personality registered for level -4
[   15.808239] md: raid0 personality registered for level 0
[   15.834909] md: raid1 personality registered for level 1
[   15.915837] raid6: sse2x1   gen()  3393 MB/s
[   15.999853] raid6: sse2x1   xor()  1508 MB/s
[   16.072863] raid6: sse2x2   gen()  3323 MB/s
[   16.157091] raid6: sse2x2   xor()  2897 MB/s
[   16.232811] raid6: sse2x4   gen()  5983 MB/s
[   16.304985] raid6: sse2x4   xor()  5284 MB/s
[   16.376900] raid6: avx2x1   gen() 13983 MB/s
[   16.448993] raid6: avx2x2   gen() 15072 MB/s
[   16.520654] raid6: avx2x4   gen() 14499 MB/s
[   16.530006] raid6: using algorithm avx2x2 gen() 15072 MB/s
[   16.531529] raid6: using avx2x2 recovery algorithm
[   16.536694] xor: automatically using best checksumming function:
[   16.576860]    avx       : 13043.000 MB/sec
[   16.582024] async_tx: api initialized (async)
[   16.604374] md: raid6 personality registered for level 6
[   16.610687] md: raid5 personality registered for level 5
[   16.615728] md: raid4 personality registered for level 4
[   16.634493] md: raid10 personality registered for level 10
done.
Begin: Running /scripts/init-premount ... done.
Begin: Mounting root file system ... Begin: Running /scripts/local-top ... done.
Begin: Running /scripts/local-premount ... [   16.702405] Btrfs loaded
Scanning for Btrfs filesystems
done.
Warning: fsck not present, so skipping root file system
[   16.757621] EXT4-fs (sda1): mounted filesystem with ordered data mode. Opts: (null)
done.
Begin: Running /scripts/local-bottom ... done.
Begin: Running /scripts/init-bottom ... done.
[   16.932358] systemd[1]: systemd 229 running in system mode. (+PAM +AUDIT +SELINUX +IMA +APPARMOR +SMACK +SYSVINIT +UTMP +LIBCRYPTSETUP +GCRYPT +GNUTLS +ACL +XZ -LZ4 +SECCOMP +BLKID +ELFUTILS +KMOD -IDN)
[   16.944835] systemd[1]: Detected virtualization oracle.
[   16.950846] systemd[1]: Detected architecture x86-64.

Welcome to [1mUbuntu 16.04.3 LTS[0m!

[   16.973972] systemd[1]: Set hostname to <minion01>.
[   17.333825] systemd[1]: Reached targetSwap.

[[0;32m  OK  [0m] Reached target Swap.
[   17.442218] systemd[1]: Listening on LVM2 poll daemon socket.
[[0;32m  OK  [0m] Listening on LVM2 poll daemon socket.
[ 17.562135] systemd[1]: Reached target Encrypted Volumes.
[[0;32m  OK  [0m] Reached target Encrypted Volumes.
[   17.782573] systemd[1]: Reached target User and Group Name Lookups.
[[0;32m  OK  [0m] Reached target User and Group Name Lookups.
[   17.792682 systemd[1]: Listening on LVM2 metadata daemon socket.
[[0;32m  OK  [0m] Listening on LVM2 metadata daemon socket.
[   17.854350] systemd[1]: Listening on udev Control Socket.
[[0;32m  OK  [0m] Listening on udev Control Socket.
[   17.949276] systemd[1]: Listening on Device-mapper event daemon FIFOs.
[[0;32m  OK  [0m] Listening on Device-mapper event daemon FIFOs.
[   1.992629] systemd[1]: Listening on Journal Audit Socket.
[[0;32m  OK  [0m] Listening on Journal Audit Socket.
[   18.286434] systemd[1]: Listening on /dev/initctl Compatibility Named Pipe.
[[0;32m  OK  [0m] Listening on /dev/initctl Compatibility Named Pipe.
[   18.322648] systemd[1]: Created slice User and Session Slice.
[[0;32m  OK  [0m] Created slice User and Session Slice.
[   18.524984] systemd[1]: Listening on udev Kernel Socket.
[[0;32m  OK  [0m] Listening on udev Kernel Socket.
[   18.528797] systemd[1]: Started Forward Password Requests to Wall Directory Watch.
[[0;32m  OK  [0m] Started Forward Password Requests to Wall Directory Watch.
[   18.551583] systemd[1]: Created slice System Slice.
[[0;32m  OK  [0m] Created slice System Slice.
[   18.794122] systemd[1]: Reached target lies.
[[0;32m  OK  [0m] Reached target Slices.
[   18.863932] systemd[1]: Created slice system-serial\x2dgetty.slice.
[[0;32m  OK  [0m] Created slice system-serial\x2dgetty.slice.
[   .867662] systemd[1]: Listening on Journal Socket (/dev/log).
[[0;32m  OK  [0m] Listening on Journal Socket (/dev/log).
[   8.56644] systemd[1]: Listening on Syslog Socket.
[[0;32m  OK  [0m] Listening on Syslog Socket.
[  19.269348] systemd[1]: Started Triggerreolvconf update for networkd DNS.

[[0;32m  OK  [0m] Started Trigger resolvconf update for networkd DNS.
[   19.3017] systemd[1]: Reached target System Time Synchronized.
[[0;32m  OK  [0m] Reached target System Time Synchronized.
[   19.435658] systemd[1]: Set up automount Arbitrary Executable File Formats File System Automount Point
[[0;32m  OK  [0m] Set up automount Arbitrary Executab...ats File System Automount Point.
[   19.542598] sted[1] Listening on Journal Socket.
[[0;32m  OK  [0m] Listening on Journal Socket.
[ 19858942] random: nonblocking pool is initialized

[   19.969101] systemd[1]: Starting Load Kernel Modules...
         Starting Load Kernel Modules...
[   20.008467] systemd[1]: Starting Monitoring of LVM2 mirrors, snapshots etc. using dmeventd or progress polling...
         [   20.015887] Loading iSCSI transport class v2.0-870.
Starting Monitoring of LVM2 mirrors... dmeventd or progress polling...
[   20.023711] systemd[1]: Mounting Huge Pages File System...
         Mounting Huge Pages File System...
[   20.040386] iscsi: registered transport (tcp)
[   20.040972] systemd[1]: Mounting POSIX Message Queue File System...
         Mounting POSIX Message Queue File System...
[   20.096999] systemd[1]: Starting Create list of required static device nodes for the current kernel...
         Startin[   20.109673] iscsi: registered transport (iser)
g Create list of required st... nodes for the current kernel...
[   20.118106] systemd[1]: Starting Journal Service...
         Starting Journal Service...
[   20.151179] systemd[1]: Starting Uncomplicated firewall...
         Starting Uncomplicated firewall...
[   20.213633] systemd[1]: Starting Set console keymap...
         Starting Set console keymap...
[   20.239307] systemd[1]: Mounting Debug File System...
         Mounting Debug File System...
[   20.288956] systemd[1]: Starting Nameserver information manager...
         Starting Nameserver information manager...
[   20.339959] systemd[1]: Starting Remount Root and Kernel File Systems...
         Starting Remount Root and Kernel File Systems...
[   20.371615] systemd[1]: Mounted Debug File System.
[   20.378108] EXT4-fs (sda1): re-mounted. Opts: (null)
[[0;32m  OK  [0m] Mounted Debug File System.
[   0.468474] systemd[1]: Mounted Huge Pages File System.

[[0;32m  OK  [0m] Mounted Huge Pages File System.
[  20.552460] systemd[1]: Mounted POSIX Message Queue File System.

[[0;32m  OK  [0m] Mounted POSIX Message Queue File System.
[   20.652228] systemd[1]: Started Journal Service.
[[0;32m  OK  [0m] Started Journal Service.
[[0;32m  OK  [0m] Started Load Kernel Modules.
[[0;32m  OK  [0m] Started Create list of required sta...ce nodes for the current kernel.
[[0;32m  OK  [0m] Started Uncomplicated firewall.
[[0;32m  OK  [0m] Started Set console keymap.
[[0;32m  OK  [0m] Started Remount Root and Kernel File Systems.
[[0;32m  OK  [0m] Started Nameserver information manager.
[[0;32m  OK  [0m] Started LVM2 metadata daemon.
         Starting Load/Save Random Seed...
         Starting udev Coldplug all Devices...
         Starting Initial cloud-init job (pre-networking)...
         Starting Create Static Device Nodes in /dev...
         Mounting FUSE Control File System...
         Starting Apply Kernel Variables...
         Starting Flush Journal to Persistent Storage...
[[0;32m  OK  [0m] Mounted FUSE Control File System.
[[0;32m  OK  [0m] Started Monitoring of LVM2 mirrors,...ng dmeventd or progress polling.
[[0;32m  OK  [0m] Started Load/Save Random Seed.
[[0;32m  OK  [0m] Started Create Static Device Nodes in /dev.
[[0;32m  OK  [0m] Started Apply Kernel Variables.
[[0;32m  OK  [0m] Started udev Coldplug all Devices.
[[0;32m  OK  [0m] Started Flush Journal to Persistent Storage.
         Starting udev Kernel Device Manager...
[[0;32m  OK  [0m] Started udev Kernel Device Manager.
[[0;32m  OK  [0m] Started Dispatch Password Requests to Console Directory Watch.
[[0;32m  OK  [0m] Reached target Local File Systems (Pre).
[[0;32m  OK  [0m] Reached target Local File Systems.
         Starting Tell Plymouth To Write Out Runtime Data...
         Starting Set console font and keymap...
         Starting Create Volatile Files and Directories...
         Starting LSB: AppArmor initialization...
[[0;32m  OK  [0m] Started Tell Plymouth To Write Out Runtime Data.
[[0;32m  OK  [0m] Started Create Volatile Files and Directories.
[[0;32m  OK  [0m] Found device /dev/ttyS0.
         Starting Update UTMP about System Boot/Shutdown...
[[0;32m  OK  [0m] Started Update UTMP about System Boot/Shutdown.
[[0;32m  OK  [0m] Started LSB: AppArmor initialization.
[[0;32m  OK  [0m] Listening on Load/Save RF Kill Switch Status /dev/rfkill Watch.
[[0;32m  OK  [0m] Found device 82540EM Gigabit Ethern...r (PRO/1000 MT Desktop Adapter).
[[0;32m  OK  [0m] Started Set console font and keymap.
[[0;32m  OK  [0m] Found device 82540EM Gigabit Ethern...r (PRO/1000 MT Desktop Adapter).
[   17.374757] cloud-init[449]: Cloud-init v. 17.1 running 'init-local' at Thu, 21 Jun 2018 07:14:28 +0000. Up 16.52 seconds.
[[0;32m  OK  [0m] Created slice system-getty.slice.
[[0;32m  OK  [0m] Started Initial cloud-init job (pre-networking).
[[0;32m  OK  [0m] Reached target Network (Pre).
[[0;32m  OK  [0m] Started ifup for enp0s3.
[[0;32m  OK  [0m] Started ifup for enp0s8.
         Starting Raise network interfaces...
[[0;32m  OK  [0m] Started Raise network interfaces.
[[0;32m  OK  [0m] Reached target Network.
         Starting Initial cloud-init job (metadata service crawler)...
[   19.068147] cloud-init[1040]: Cloud-init v. 17.1 running 'init' at Thu, 21 Jun 2018 07:14:30 +0000. Up 18.47 seconds.
[   19.082466] cloud-init[1040]: ci-info: ++++++++++++++++++++++++++++++++++++++Net device info++++++++++++++++++++++++++++++++++++++
[   19.088994] cloud-init[1040]: ci-info: +--------+------+-----------------------------+---------------+-------+-------------------+
[   19.160572] [cloud-init[0;32m  OK  [0m[1040]: ] ci-info: | Device |  Up  |           Address           |      Mask     | Scope |     Hw-Address    |Started Initial cloud-init job (metadata service crawler).

[   19.161150] cloud-init[1040]: ci-info: +--------+------+-----------------------------+---------------+-------+-------------------+
[   19.255396] [[0;32m  OK  [0m] Reached target Cloud-config availability.
[[0;32m  OK  [0m] Reached target System Initialization.
cloud-init[1040]: ci-info: | enp0s3 | True |          10.0.2.15          | 255.255.255.0 |   .   | 02:69:07:7b:a1:bd |
[   19.276852] [cloud-init[0;32m  OK  [0m[1040]: ] ci-info: | enp0s3 | True |  fe80::69:7ff:fe7b:a1bd/64  |       .       |  link | 02:69:07:7b:a1:bd |Started ACPI Events Check.

[   19.504499] [cloud-init[0;32m  OK  [0m[1040]: ] ci-info: | enp0s8 | True |         172.17.8.101        | 255.255.255.0 |   .   | 08:00:27:ee:2e:85 |Reached target Paths.

[   19.609861] [cloud-init[0;32m  OK  [0m[1040]: ] ci-info: | enp0s8 | True | fe80::a00:27ff:feee:2e85/64 |       .       |  link | 08:00:27:ee:2e:85 |Started Daily Cleanup of Temporary Directories.

[   19.623764] cloud-init[1040]: ci-info: |   lo   | True |          127.0.0.1          |   255.0.0.0   |   .   |         .         |
[   19.705938] [cloud-init[0;32m  OK  [0m[1040]: ] ci-info: |   lo   | True |           ::1/128           |       .       |  host |         .         |Started Timer to automatically refresh installed snaps.

[   19.706533] [cloud-init[0;32m  OK  [0m[1040]: ] ci-info: +--------+------+-----------------------------+---------------+-------+-------------------+Listening on ACPID Listen Socket.

[[0;32m  OK  [0m] Listening on D-Bus System Message Bus Socket.
[   19.746089] cloud-init[1040]: ci-info: +++++++++++++++++++++++++++Route IPv4 info++++++++++++++++++++++++++++
[   19.890704]          cloud-initStarting Socket activation for snappy daemon.[1040]: 
ci-info: +-------+-------------+----------+---------------+-----------+-------+
[   19.908213] [[0;32m  OK  [0m] Listening on UUID daemon activation socket.
cloud-init[1040]: ci-info: | Route | Destination | Gateway  |    Genmask    | Interface | Flags |
[   19.942850] cloud-init[1040]: ci-info: +-------+-------------+----------+---------------+-----------+-------+
[   19.955313] cloud-init[1040]: ci-info: |   0   |   0.0.0.0   | 10.0.2.2 |    0.0.0.0    |   enp0s3  |   UG  |
[   20.003839] cloud-init[1040]: ci-info: |   1   |   10.0.2.0  | 0.0.0.0  | 255.255.255.0 |   enp0s3  |   U   |
[   20.063795] cloud-init[1040]: ci-info: |   2   |  172.17.8.0 | 0.0.0.0  | 255.255.255.0 |   enp0s8  |   U   |
[   20.081451] cloud-init[1040]: ci-info: +-------+-------------+----------+---------------+-----------+-------+
         Starting LXD - unix socket.
         Starting Docker Socket for the API.
[[0;32m  OK  [0m] Reached target Network is Online.
         Starting iSCSI initiator daemon (iscsid)...
[[0;32m  OK  [0m] Started Daily apt download activities.
[[0;32m  OK  [0m] Started Daily apt upgrade and clean activities.
[[0;32m  OK  [0m] Reached target Timers.
[[0;32m  OK  [0m] Listening on Socket activation for snappy daemon.
[[0;32m  OK  [0m] Listening on LXD - unix socket.
[[0;32m  OK  [0m] Listening on Docker Socket for the API.
[[0;32m  OK  [0m] Reached target Sockets.
[[0;32m  OK  [0m] Reached target Basic System.
         Starting LSB: MD monitoring daemon...
         Starting LSB: Record successful boot for GRUB...
         Starting vboxadd.service...
[[0;32m  OK  [0m] Started FUSE filesystem for LXC.
         Starting A high performance web server and a reverse proxy server...
         Starting The Salt Minion...
         Starting LXD - container startup/shutdown...
[[0;32m  OK  [0m] Started Regular background program processing daemon.
[[0;32m  OK  [0m] Started Unattended Upgrades Shutdown.
         Starting Apply the settings specified in cloud-config...
         Starting System Logging Service...
[[0;32m  OK  [0m] Started Deferred execution scheduler.
         Starting Snappy daemon...
[[0;32m  OK  [0m] Started D-Bus System Message Bus.
[[0;32m  OK  [0m] Started ACPI event daemon.
         Starting Login Service...
         Starting Docker Application Container Engine...
         Starting Accounts Service...
         Starting OpenBSD Secure Shell server...
         Starting /etc/rc.local Compatibility...
[[0;32m  OK  [0m] Started System Logging Service.
[[0;32m  OK  [0m] Started OpenBSD Secure Shell server.
[[0;32m  OK  [0m] Started Snappy daemon.
[[0;32m  OK  [0m] Started iSCSI initiator daemon (iscsid).
[[0;32m  OK  [0m] Started vboxadd.service.
[[0;32m  OK  [0m] Started LXD - container startup/shutdown.
[[0;32m  OK  [0m] Started /etc/rc.local Compatibility.
[[0;32m  OK  [0m] Started A high performance web server and a reverse proxy server.
[[0;32m  OK  [0m] Started LSB: Record successful boot for GRUB.
[[0;32m  OK  [0m] Started LSB: MD monitoring daemon.
[[0;32m  OK  [0m] Started Login Service.
         Starting Authenticate and Authorize Users to Run Privileged Tasks...
         Starting vboxadd-service.service...
         Starting Login to default iSCSI targets...
[[0;1;31mFAILED[0m] Failed to start vboxadd-service.service.
See 'systemctl status vboxadd-service.service' for details.
[[0;32m  OK  [0m] Started Authenticate and Authorize Users to Run Privileged Tasks.
[[0;32m  OK  [0m] Started Accounts Service.
[[0;32m  OK  [0m] Started Login to default iSCSI targets.
[[0;32m  OK  [0m] Reached target Remote File Systems (Pre).
[[0;32m  OK  [0m] Reached target Remote File Systems.
         Starting LSB: Set the CPU Frequency Scaling governor to "ondemand"...
         Starting Permit User Sessions...
         Starting LSB: Set up cgroupfs mounts....
         Starting LSB: automatic crash report generation...
         Starting LSB: daemon to balance interrupts for SMP systems...
[[0;32m  OK  [0m] Started The Salt Minion.
[[0;32m  OK  [0m] Started Permit User Sessions.
[[0;32m  OK  [0m] Started LSB: Set up cgroupfs mounts..
[[0;32m  OK  [0m] Started LSB: Set the CPU Frequency Scaling governor to "ondemand".
         Starting Hold until boot process finishes up...
         Starting Terminate Plymouth Boot Screen...
[[0;32m  OK  [0m] Started LSB: automatic crash report generation.
[[0;32m  OK  [0m] Started LSB: daemon to balance interrupts for SMP systems.
[[0;32m  OK  [0m] Started Hold until boot process finishes up.
[[0;32m  OK  [0m] Started Terminate Plymouth Boot Screen.
[[0;32m  OK  [0m] Started Getty on tty1.
[[0;32m  OK  [0m] Started Serial Getty on ttyS0.
[[0;32m  OK  [0m] Reached target Login Prompts.
         Starting Set console scheme...
[[0;32m  OK  [0m] Started Set console scheme.
[   23.312664] cloud-init[1140]: Cloud-init v. 17.1 running 'modules:config' at Thu, 21 Jun 2018 07:14:34 +0000. Up 22.75 seconds.
[[0;32m  OK  [0m] Started Apply the settings specified in cloud-config.

Ubuntu 16.04.3 LTS minion01 ttyS0

minion01 login: [   30.013091] cloud-init[1637]: Cloud-init v. 17.1 running 'modules:final' at Thu, 21 Jun 2018 07:14:41 +0000. Up 29.53 seconds.
[   30.013732] cloud-init[1637]: Cloud-init v. 17.1 finished at Thu, 21 Jun 2018 07:14:41 +0000. Datasource DataSourceNoCloud [seed=/dev/sdb][dsmode=net].  Up 29.98 seconds
[[0;32m  OK  [0m] Stopped target Cloud-init target.
[[0;32m  OK  [0m] Stopped target Timers.
         Stopping User Manager for UID 1000...
[[0;32m  OK  [0m] Stopped Execute cloud ue[[0;32m  OK  [0m] Unmounted /var/lib/lxcfs.
[[0;32m  OK  [0m] Stopped Regular background program processing daemon.
[[0;32m  OK  [0m] Stopped Sys         Stopping User Manager for UID 112...
[[0;32m  OK  [0m] e         Stopping vboxadd.service...
         Stopping FUSE filesystem for LXC...
         Stopping LSB: daemon to balance interrupts for SMP systems...
         Stopping Accounts Service...
         Stopping LSB: automatic crash report generation...
         Stopping LSB: Set the CPU Frequency Scaling governor to "ondemand"...
[[0;32m  OK  [0m] Unmounted /var/lib/lxcfs.
[[0;32m  OK  [0m] Stopped System Logging Service.
[[0;32m  OK  [0m] Stopped Accounts Service.
[[0;32m  OK  [0m] Stopped Regular background program processing daemon.
[[0;32m  OK  [0m] Stopped OpenBSD Secure Shell server.
[[0;32m  OK  [0m] Stopped ACPI event daemon.
[[0;32m  OK  [0m] Stopped Deferred execution scheduler.
[[0;32m  OK  [0m] Stopped Snappy daemon.
[[0;32m  OK  [0m] Stopped Authenticate and Authorize Users to Run Privileged Tasks.
[[0;32m  OK  [0m] Stopped Getty on tty1.
[[0;32m  OK  [0m] Stopped Serial Getty on ttyS0.
[[0;32m  OK  [0m] Stopped User Manager for UID 112.
[[0;32m  OK  [0m] Stopped User Manager for UID 1000.
[[0;32m  OK  [0m] Stopped Session 9 of user vagrant.
[[0;32m  OK  [0m] Stopped D-Bus System Message Bus.
[[0;32m  OK  [0m] Stopped FUSE filesystem for LXC.
[[0;32m  OK  [0m] Stopped LXD - container startup/shutdown.
[[0;32m  OK  [0m] Stopped LSB: Set the CPU Frequency Scaling governor to "ondemand".
[[0;32m  OK  [0m] Stopped LSB: MD monitoring daemon.
[[0;32m  OK  [0m] Stopped LSB: automatic crash report generation.
[[0;32m  OK  [0m] Stopped LSB: daemon to balance interrupts for SMP systems.
[[0;32m  OK  [0m] Stopped LSB: Record successful boot for GRUB.
[[0;32m  OK  [0m] Unmounted /srv/pillar.
[[0;32m  OK  [0m] Stopped Unattended Upgrades Shutdown.
[[0;32m  OK  [0m] Unmounted /srv/salt.
[[0;32m  OK  [0m] Unmounted /vagrant.
[[0;32m  OK  [0m] Stopped vboxadd.service.
[[0;32m  OK  [0m] Removed slice User Slice of vagrant.
[[0;32m  OK  [0m] Removed slice system-serial\x2dgetty.slice.
[[0;32m  OK  [0m] Removed slice system-getty.slice.
[[0;32m  OK  [0m] Stopped /etc/rc.local Compatibility.
[[0;32m  OK  [0m] Stopped User Manager for UID 1000.
[[0;32m  OK  [0m] Removed slice user-1000.slice.
[[0;32m  OK  [0m] Unmounted /run/user/1000.
[[0;32m  OK  [0m] Stopped The Salt Master Server.
[[0;32m  OK  [0m] Stopped Session c1 of user jenkins.
[[0;32m  OK  [0m] Removed slice User Slice of jenkins.
         Stopping Permit User Sessions...
         Stopping Login Service...
[[0;32m  OK  [0m] Stopped Permit User Sessions.
[[0;32m  OK  [0m] Stopped Login Service.
[[0;32m  OK  [0m] Stopped target User and Group Name Lookups.
[[0;32m  OK  [0m] Stopped LSB: Start Jenkins at boot time.
[[0;32m  OK  [0m] Stopped target Remote File Systems.
[[0;32m  OK  [0m] Stopped target Remote File Systems (Pre).
         Stopping Login to default iSCSI targets...
[[0;32m  OK  [0m] Stopped target Basic System.
[[0;32m  OK  [0m] Stopped target Slices.
[[0;32m  OK  [0m] Removed slice User and Session Slice.
[[0;32m  OK  [0m] Stopped target Sockets.
[[0;32m  OK  [0m] Closed UUID daemon activation socket.
[[0;32m  OK  [0m] Closed D-Bus System Message Bus Socket.
[[0;32m  OK  [0m] Closed Socket activation for snappy daemon.
[[0;32m  OK  [0m] Closed LXD - unix socket.
[[0;32m  OK  [0m] Closed ACPID Listen Socket.
[[0;32m  OK  [0m] Closed Syslog Socket.
[[0;32m  OK  [0m] Stopped target Paths.
[[0;32m  OK  [0m] Stopped Forward Password Requests to Wall Directory Watch.
[[0;32m  OK  [0m] Stopped ACPI Events Check.
[[0;32m  OK  [0m] Stopped Dispatch Password Requests to Console Directory Watch.
[[0;32m  OK  [0m] Stopped target System Initialization.
[[0;32m  OK  [0m] Stopped target Swap.
         Stopping Load/Save Random Seed...
[[0;32m  OK  [0m] Stopped target Encrypted Volumes.
[[0;32m  OK  [0m] Stopped Create Volatile Files and Directories.
[[0;32m  OK  [0m] Stopped Load/Save Random Seed.
[[0;32m  OK  [0m] Stopped Login to default iSCSI targets.
         Stopping iSCSI initiator daemon (iscsid)...
[[0;32m  OK  [0m] Stopped iSCSI initiator daemon (iscsid).
[[0;32m  OK  [0m] Stopped target Network is Online.
[[0;32m  OK  [0m] Stopped target Network.
[[0;32m  OK  [0m] Stopped Initial cloud-init job (metadata service crawler).
         Stopping Raise network interfaces...
[[0;32m  OK  [0m] Stopped Raise network interfaces.
[[0;32m  OK  [0m] Stopped target Network (Pre).
[[0;32m  OK  [0m] Stopped Initial cloud-init job (pre-networking).
[[0;32m  OK  [0m] Stopped Apply Kernel Variables.
[[0;32m  OK  [0m] Stopped Load Kernel Modules.
[[0;32m  OK  [0m] Stopped target Local File Systems.
         Unmounting /run/user/112...
[[0;32m  OK  [0m] Unmounted /run/user/112.
[[0;32m  OK  [0m] Reached target Unmount All Filesystems.
[[0;32m  OK  [0m] Stopped target Local File Systems (Pre).
         Stopping Monitoring of LVM2 mirrors... dmeventd or progress polling...
[[0;32m  OK  [0m] Stopped Create Static Device Nodes in /dev.
[[0;32m  OK  [0m] Stopped Remount Root and Kernel File Systems.
[[0;32m  OK  [0m] Reached target Shutdown.
[21704.9699]reboot: Power down

ise network interfaces...
         Stopping Load/Save Random Seed...
[[0;32m  OK  [0m] Stopped Load/Save Random Seed.
[[0;32m  OK  [0m] Stopped Update UTMP about System Boot/Shutdown.
[[0;32m  OK  [0m] Stopped Create Volatile Files and Directories.
[[0;32m  OK  [0m] Stopped Raise network interfaces.
[[0;32m  OK  [0m] Stopped target Network (Pre).
[[0;32m  OK  [0m] Stopped Initial cloud-init job (pre-networking).
[[0;32m  OK  [0m] Stopped Apply Kernel Variables.
[[0;32m  OK  [0m] Stopped Load Kernel Modules.
[[0;32m  OK  [0m] Stopped target Local File Systems.
         Unmounting /run/user/1000...
[[0;32m  OK  [0m] Unmounted /run/user/1000.
[[0;32m  OK  [0m] Reached target Unmount All Filesystems.
[[0;32m  OK  [0m] Stopped target Local File Systems (Pre).
         Stopping Monitoring of LVM2 mirrors... dmeventd or progress polling...
[[0;32m  OK  [0m] Stopped Create Static Device Nodes in /dev.
[[0;32m  OK  [0m] Stopped Remount Root and Kernel File Systems.
[[0;32m  OK  [0m] Reached target Shutdown.
[20786.562] bo: ower down
