[  0.000000 Initalizincgroup bsys cpuset
[   0000000] Initializing cgroup subsys cpu
[    0.000000] Initialiing cgroup ubsys cpuacct
[    0.000000] Linux version 4.4.0-128-generic (buildd@lcy01-amd64-019) (gcc version 5.4.0 20160609 (Ubuntu 5.4.0-6ubuntu1~16.04.9) ) #154-Ubuntu SMP Fri May 25 14:15:18 UTC 2018 (Ubuntu 4.4.0-128.154-generic 4.4.131)
[    0.000000] Command line: BOOT_IMAGE=/boot/vmlinuz-4.4.0-128-generic root=UUID=4495ca59-6f63-4cd0-b56d-2100a2095754 ro console=tty1 console=ttyS0
[    0.000000] KERNEL supported cpus:
[    0.000000]   Intel GenuineIntel
[    0.000000]   AMD AuthenticAMD
[    0.000000]   entaur CentaurHauls
[    0.000000] x86/fpu: xstate_offset[2]:  576, xstate_sizes[2]:  256
[    0.000000] x86/fpu: Supporting XSAVE feature 0x01: 'x87 floating point registers'
[    0.000000] x86/fpu: Supporting XSAVE feature 0x02: 'SSE registers'
[    0.000000] x86/fpu: Supporting XSAVE feature 0x04: 'AVX registers'
[    0.000000] x86/fpu: Enabled xstate features 0x7, context size is 832 bytes, using 'standard' format.
[    0.000000] x86/fpu: Using 'lazy' FPU context switches.
[    0.000000] e820: BIOS-provided physical RAM map:
[    0.000000] BIOS-e820: [mem 0x0000000000000000-0x000000000009fbff] usable
[    0.000000] BIOS-e820: [mem 0x000000000009c0-0x0000000009ffff] reseved
[    0.000000] BIOS-e820: [mem 0x00000000000f0000-0x00000000000fffff] reserved
[    0.00000] BIOS-e820: [mem 0x0000000000100000-0x000000007ffeffff] usable
[    0.000000] BIOS-e820: [mem 0x000000007fff0000-0x000000007fffffff] ACPI data
[    0.000000] BIOS-e820: [mem 0x00000000fec00000-0x000000000fec00fff] reserved
[    0.000000] BIOS-e820: [mem 0x00000000fee00000-0x00000000e00fff] rseved[   0.00000] BIOS-e820: [mem 0x00000000fffc0000-0x00000000ffffffff] reserved
[    0.000000] NX (Execute Disable) protection: active
[    0.000000] SMBIOS 2.5 present.
[    0.000000] Hypervisor detected: KVM
[    0.000000] e820: last_pfn = 0x7fff0 max_arch_pfn = 0x400000000
[    0.000000] MTRR: Disabled
[    0.00000 x86/AT MTRRsdisabled, skipping PAT initialization too.
[    0.000000] CPU MTRRs all blank - virtualized system.
[    0.000000] x86/PAT: Configuration [0-7]: WB  WT  UC- UC  WB  WT  UC- UC  
[    0.000000] found SMP MP-table at [mem 0x0009fff0-0x0009ffff] mapped at [ffff88000009fff0]
[    0.000000] Scanning 1 reas for low memory corruption
[    0.000000] RAMDISK: [mem 0x36206000-0x370fafff]
[    0.000000] ACPI: Early table checksum verification disabled
[    0.000000] ACPI: RSDP 0x00000000000E0000 000024 (v02 VBOX  )
[    0.000000] ACPI: XSDT 0x000000007FFF0030 00003C v01 VBOX   VBOXXSDT 00000001 ASL  00000061)
[    0.000000] ACPI: FACP 0x00000007FFF00F0 0000F4 (v04 VBOX   VBOXFACP 00000001 ASL  000000061)
[    0.000000] ACPI: DSDT 0x000000007FFF0470 0021FF (v02 VBOX   VBOXBIOS 00000002 INTL 20100528)
[    0.000000] ACPI: FACS 0x000000007FFF0200 000040
[    0.000000] ACPI: FACS 0x00000000FFF0200 000040
[    0.000000] ACPI: APIC 0x000000007FFF0240 00005C (v02 VBOX   VBOXAPIC 00000001 ASL  00000061)
[    0.000000] ACPI: SSDT 0x000000007FFF02A0 0001CC (v01 VBOX   VBOXCPUT 00000002 INTL 20100528)
[    0.000000] No NUMA configuration found
[    0.000000] Faking a node at [mem 0x0000000000000000-0x000000007ffeffff]
[    0.000000] NODE_DATA(0) allocated [mem 0x7ffeb000-0x7ffeffff]
[    0.000000] kvm-clock: Using msrs 4b564d01 and 4b564d00
[    0.000000] kvm-cloc: cpu 0, msr 0:7ffe3001,primar cpu clock
[    0.000000] kvm-clock: using sched offset of 5404100380 cycles
[    0.000000] clocksource: kvm-clock: mask: 0xffffffffffffffff max_cycles: 0x1cd42e4dffb, max_idle_ns: 881590591483 ns
[    0.000000] Zone ranges:
[    0.000000]   DMA      [mem 0x0000000000001000-0x0000000000ffffff]
[    0.000000]   DMA32    [mem 0x0000000001000000-0x000000007ffeffff]
[    0.000000]   Normal   empty
[    0.000000]   Device   empty
[    0.000000] Movable zone start for each node
[    0.000000] Early memory node ranges
[    0.000000]   node   0: [mem 0x0000000000001000-0x000000000009efff]
[    0.000000]   node   0: [em 0000000000100000-0x000000007ffeffff]
[    0.000000] Initmem setup node 0 [mem 0x0000000000001000-0x000000007ffeffff]
[    0.000000] ACPI: PM-Timer IO Port: 0x4008
[    0.000000] IOAPIC[0]: apic_id 2, version 32, address 0xfec00000, GSI 0-23
[    0.000000] ACPI: INT_SRC_OVR (bus 0 bus_irq 0 global_irq 2 dfl dfl)
[    0.000000] ACPI: INT_SRC_OVR (bus 0 bus_iq 9 global_irq 9 low level)
[    0.000000] Using ACPI (MADT) for SMP configuration information
[    0.000000] smpboot: Allowing 2 CPUs, 0 hotplug CPUs
[    0.000000] PM: Registered nosave memory: [mem 0x00000000-0x00000fff]
[    0.000000] PM: Registered nosave memory: [mem 0x0009f000-0x0009ffff]
[    0.000000] PM: Registered nosave memory:[mem 0x000a0000-0x000effff]
[    0.000000] PM: Registered nosave memory: [mem 0x000f0000-0x000fffff]
[    0.000000] e820: [mem 0x80000000-0xfebfffff] available for PCI devices
[    0.000000] Booting paravirtualized kernel on KVM
[    0.000000] clocksource: refined-jiffies: mask: 0xffffffff max_cycles: 0xffffffff, max_idle_ns: 7645519600211568 ns
[    0.000000] setup_percpu: NR_CPUS:512 nr_cpumask_bits:512 nr_cpu_ids:2 nr_node_ids:1
[    0.000000] PERCPU: Embedded 34 pages/cpu @ffff88007fc00000 s99544 r8192 d31528 u1048576
[    0.000000] PV qspinlock hash table entries: 256 (order: 0, 4096 bytes)
[    0.000000] Built 1 zonelists in Node order, mobility grouping on.  Total pages: 515960
[    0.000000] Policy zone: DMA32
[    0.000000] Kernel command line: BOOT_IMAGE=/boot/vmliuz-4.4.0-128-generic root=UUID=4495ca59-6f63-4cd0-b56d-2100a2095754 ro console=tty1 console=ttyS0
[    0.000000] PID hash table entries: 4096 (order: 3, 32768 bytes)
[    0.000000Memory 229396K2096696K available (8541K kernel code, 1313K rwdata, 4000K rodata, 1512K init, 1316K bss, 67300K reserved, 0K cma-reserved)
[    0.000000] SLUB: Walign=64, Order=0-3, MinObjects=0, CPUs=2, Nodes=1
[    0.000000] Kernel/User page tables isolation: enabled
[    0.000000] HierarchicalRCU implementation.
[    0.000000] 	Build-time adjustment of leaf fanout to 64.
[    0.000000] 	RCU restricting CPUs from NR_CPUS=512 to nr_cpu_ids=2.
[    0.000000] RCU: Adjusting geometry for rcu_fanout_leaf=64, nr_cpu_ids=2
[    0.000000] NR_IRQS:33024 nr_irqs:440 16
[    0.000000] Console: colour VGA+ 80x25
[    0.000000] console [tty1] enabled
[    0.000000] console [ttyS0] enabled
[    0.000000] tsc: Detected 2711.994 MHz processor
[    1.878939] Calibrating delay loop (skipped) preset value.. 5423.98 BogoMIPS (lpj=10847976)
[    1.899133] pid_max: default: 32768 minimum: 301
[    1.910391] ACPI: Core revision 20150930
[    1.917181] ACPI: 2 ACPI AML tables successfully acquired and loaded
[    1.959096] Security Framework initialized
[    1.970853] Yama: becoming mindful.
[    1.972423] AppArmor: AppArmor initialized
[    1.992137] Dentry cache hash table entries: 262144 (order: 9, 2097152 bytes)
[    2.002736] Inode-cache hash table entries: 131072 (order: 8, 1048576 bytes)
[    2.022537] Mount-cache hash table entries: 4096 (order: 3, 32768 bytes)
[    2.034390] Mountpoint-cache hash table entries: 4096 (order: 3, 32768 bytes)
[    2.058446] Initializing cgroup subsys io
[    2.076081] Initializing cgroup subsys memory
[    2.079536] Initializing cgroup subsys devices
[    2.098582] Initializing cgroup subsys freezer
[    2.110057] Initializing cgroup subsys net_cls
[    2.138274] Initializing cgroup subsys perf_event
[    2.148734] Initializing cgroup subsys net_prio
[    2.156881] Initializing cgroup subsys hugetlb
[    2.158748] Initializing cgroup subsys pids
[    2.160855] CPU: Physical Processor ID: 0
[    2.178212] CPU: Processor Core ID: 0
[    2.188598] mce: CPU supports 0 MCE banks
[    2.198317] Last level iTLB entries: 4KB 64, 2MB 8, 4MB 8
[    2.202719] Last level dTLB entries: 4KB 64, 2MB 0, 4MB 0, 1GB 4
[    2.204525] Spectre V2 : Mitigation: Full generic retpoline
[    2.213569] Spectre V2 : Speculation control IBPB not-supported IBRS not-supported
[    2.220393] Spectre V2 : Filling RSB on context switch
[    2.246672] Speculative Store Bypass: Vulnerable
[    2.252442] Freeing SMP alternatives memory: 32K
[    2.269862] ftrace: allocating 32236 entries in 126 pages
[    2.386398] smpboot: APIC(0) Converting physical 0 to logical package 0
[    2.405403] smpboot: Max logical packages: 1
[    2.416101] x2apic enabled
[    2.418328] Switched APIC routing to physical x2apic.
[    2.426321] ..TIMER: vector=0x30 apic1=0 pin1=2 apic2=-1 pin2=-1
[    2.541746] APIC calibration not consistent with PM-Timer: 104ms instead of 100ms
[    2.545686] APIC delta adjusted to PM-Timer: 6238787 (6507177)
[    2.549361] smpboot: CPU0: Intel(R) Core(TM) i5-7200U CPU @ 2.50GHz (family: 0x6, model: 0x8e, stepping: 0x9)
[    2.555724] Performance Events: unsupported p6 CPU model 142 no PMU driver, software events only.
[    2.560690] KVM setup paravirtual spinlock
[    2.568555] x86: Booting SMP configuration:
[    2.570881] .... node  #0, CPUs:      #1
[    2.574069] kvm-clock: cpu 1, msr 0:7ffe3041, secondary cpu clock
[    2.614633] mce: CPU supports 0 MCE banks
[    2.624129] x86: Booted up 1 node, 2 CPUs
[    2.627105] smpboot: Total of 2 processors activated (10847.97 BogoMIPS)
[    2.631843] devtmpfs: initialized
[    2.642643] evm: security.selinux
[    2.646472] evm: security.SMACK64
[    2.648330] evm: security.SMACK64EXEC
[    2.659230] evm: security.SMACK64TRANSMUTE
[    2.663373] evm: security.SMACK64MMAP
[    2.667262] evm: security.ima
[    2.669126] evm: security.capability
[    2.671092] clocksource: jiffies: mask: 0xffffffff max_cycles: 0xffffffff, max_idle_ns: 7645041785100000 ns
[    2.675852] futex hash table entries: 512 (order: 3, 32768 bytes)
[    2.678429] pinctrl core: initialized pinctrl subsystem
[    2.687222] RTC time:  7:54:07, date: 06/15/18
[    2.709996] NET: Registered protocol family 16
[    2.721464] cpuidle: using governor ladder
[    2.746508] cpuidle: using governor menu
[    2.759372] PCCT header not found.
[    2.771121] ACPI: bus type PCI registered
[    2.778212] acpiphp: ACPI Hot Plug PCI Controller Driver version: 0.5
[    2.781902] PCI: Using configuration type 1 for base access
[    2.798622] ACPI: Added _OSI(Module Device)
[    2.801896] ACPI: Added _OSI(Processor Device)
[    2.803665] ACPI: Added _OSI(3.0 _SCP Extensions)
[    2.815404] ACPI: Added _OSI(Processor Aggregator Device)
[    2.827337] ACPI: Executed 1 blocks of module-level executable AML code
[    2.844232] ACPI: Interpreter enabled
[    2.852039] ACPI: (supports S0 S5)
[    2.854051] ACPI: Using IOAPIC for interrupt routing
[    2.858039] PCI: Using host bridge windows from ACPI; if necessary, use "pci=nocrs" and report a bug
[    2.872032] ACPI: PCI Root Bridge [PCI0] (domain 0000 [bus 00-ff])
[    2.876447] acpi PNP0A03:00: _OSC: OS supports [ASPM ClockPM Segments MSI]
[    2.885710] acpi PNP0A03:00: _OSC: not requesting OS control; OS requires [ExtendedConfig ASPM ClockPM MSI]
[    2.894044] acpi PNP0A03:00: fail to add MMCONFIG information, can't access extended PCI configuration space under this bridge.
[    2.910589] PCI host bridge to bus 0000:00
[    2.912282] pci_bus 0000:00: root bus resource [io  0x0000-0x0cf7 window]
[    2.919694] pci_bus 0000:00: root bus resource [io  0x0d00-0xffff window]
[    2.923373] pci_bus 0000:00: root bus resource [mem 0x000a0000-0x000bffff window]
[    2.930513] pci_bus 0000:00: root bus resource [mem 0x80000000-0xfdffffff window]
[    2.960751] pci_bus 0000:00: root bus resource [bus 00-ff]
[    2.966987] pci 0000:00:01.1: legacy IDE quirk: reg 0x10: [io  0x01f0-0x01f7]
[    2.983837] pci 0000:00:01.1: legacy IDE quirk: reg 0x14: [io  0x03f6]
[    2.985945] pci 0000:00:01.1: legacy IDE quirk: reg 0x18: [io  0x0170-0x0177]
[    2.988727] pci 0000:00:01.1: legacy IDE quirk: reg 0x1c: [io  0x0376]
[    3.040354] pci 0000:00:07.0: quirk: [io  0x4000-0x403f] claimed by PIIX4 ACPI
[    3.050138] pci 0000:00:07.0: quirk: [io  0x4100-0x410f] claimed by PIIX4 SMB
[    3.088675] ACPI: PCI Interrupt Link [LNKA] (IRQs 5 9 10 *11)
[    3.097750] ACPI: PCI Interrupt Link [LNKB] (IRQs 5 9 *10 11)
[    3.115009] ACPI: PCI Interrupt Link [LNKC] (IRQs 5 *9 10 11)
[    3.122637] ACPI: PCI Interrupt Link [LNKD] (IRQs 5 9 10 *11)
[    3.133903] ACPI: Enabled 2 GPEs in block 00 to 07
[    3.141534] vgaarb: setting as boot device: PCI:0000:00:02.0
[    3.143597] vgaarb: device added: PCI:0000:00:02.0,decodes=io+mem,owns=io+mem,locks=none
[    3.157919] vgaarb: loaded
[    3.185259] vgaarb: bridge control possible 0000:00:02.0
[    3.197503] SCSI subsystem initialized
[    3.203532] ACPI: bus type USB registered
[    3.206844] usbcore: registered new interface driver usbfs
[    3.210159] usbcore: registered new interface driver hub
[    3.214622] usbcore: registered new device driver usb
[    3.218328] PCI: Using ACPI for IRQ routing
[    3.222198] NetLabel: Initializing
[    3.223974] NetLabel:  domain hash size = 128
[    3.226403] NetLabel:  protocols = UNLABELED CIPSOv4
[    3.233880] NetLabel:  unlabeled traffic allowed by default
[    3.246041] amd_nb: Cannot enumerate AMD northbridges
[    3.251372] clocksource: Switched to clocksource kvm-clock
[    3.273553] AppArmor: AppArmoFiesystem Enabled
[    3.396857] pnp: PnP ACPI init
[    3.404684] pnp: PnP ACPI: found 3 devices

[   3.422927] clocksourc acpi_pm: mask: 0xffffff max_cycles: 0xffffff, max_idle_ns: 2085701024 ns
[    3.575185] NET: Registered protocol family 2
[    3.577642] TCP established hash table entries: 16384 (order: 5, 131072 bytes)
[    3.589879] TCP bind hash table entries: 16384 (order: 6, 262144 bytes)
[    3.598295] TCP: Hash tables configured (established 16384 bind 634)
[    3.691166] UDP hash table entries: 1024 (order: 3,32768 bytes)
[   3.733690] UDP-Lite hash table entries: 1024 (order: 3, 32768 bytes)
[    3.782492] NET: Registerd protocol family 1
[   3.892950] pci 0000:00:00.0: Limiting direc PCI/PCI transfers
[   4.04639] pci 0000:00:01.0: Activating ISA DMA hang workaround
   4.184717] Unpacking initramfs...

[    4.768837] Freeing initrd memory: 15316K
[    4.773652] platform rtc_cmos: registered platform RTC device (no PNP device found)
[    4.790617] Scanning for low memory corruption every 60 seconds
[    4.794176] audit: initializing netlink subsys (disabled)
[    4.796934] audit: type=2000 audit(1529049253.789:1): initialized
[    4.803963] Initialise system trusted keyring
[    4.809566] HugeTLB registered 2 MB page size, pre-allocated 0 pages
[    4.825676] zbud: loaded
[    4.829793] VFS: Disk quotas dquot_6.6.0
[    4.832788] VFS: Dquot-cache hash table entries: 512 (order 0, 4096 bytes)
[    4.845859] squashfs: version 4.0 (2009/01/31) Phillip Lougher
[    4.858878] fuse init (API version 7.23)
[    4.869279] Key type big_key registered
[    4.873211] Allocating IMA MOK and blacklist keyrings.
[    4.876876] Key type asymmetric registered
[    4.904863] Asymmetric key parser 'x509' registered
[    4.906627] Block layer SCSI generic (bsg) driver version 0.4 loaded (major 249)
[    4.920059] io scheduler noop registered
[    4.936920] io scheduler deadline registered (default)
[    4.941245] io scheduler cfq registered
[    4.954015] pci_hotplug: PCI Hot Plug PCI Core version: 0.5
[    4.956596] pciehp: PCI Express Hot Plug Controller Driver version: 0.4
[    4.984152] ACPI: AC Adapter [AC] (off-line)
[    4.996700] input: Power Button as /devices/LNXSYSTM:00/LNXPWRBN:00/input/input0
[    5.026983] ACPI: Power Button [PWRF]
[    5.034663] input: Sleep Button as /devices/LNXSYSTM:00/LNXSLPBN:00/input/input1
[    5.046220] ACPI: Sleep Button [SLPF]
[    5.051021] GHES: HEST is not enabled!
[    5.052545] ACPI: Battery Slot [BAT0] (battery present)
[    5.057537] Serial: 8250/16550 driver, 32 ports, IRQ sharing enabled
[  5.091921] 00:02: ttyS0 at I/O0x3f8 (irq = 4, base_baud = 115200) is a 16550A

[    5.229536] Linux agpgart interface v0.103
[    5.239744] loop: module loaded
[    5.244490] scsi host0: ata_piix
[    5.249310] scsi host1: ata_piix
[    5.255150] ata1: PATA max UDMA/33 cmd 0x1f0 ctl 0x3f6 bmdma 0xd000 irq 14
[    5.267578] ata2: PATA max UDMA/33 cmd 0x170 ctl 0x376 bmdma 0xd008 irq 15
[    5.283203] libphy: Fixed MDIO Bus: probed
[    5.287180] tun: Universal TUN/TAP device driver, 1.6
[    5.294984] tun: (C) 1999-2004 Max Krasnyansky <maxk@qualcomm.com>
[    5.302826] PPP generic driver version 2.4.2
[    5.306281] ehci_hcd: USB 2.0 'Enhanced' Host Controller (EHCI) Driver
[    5.313954] ehci-pci: EHCI PCI platform driver
[    5.316599] ehci-platform: EHCI generic platform driver
[    5.324801] ohci_hcd: USB 1.1 'Open' Host Controller (OHCI) Driver
[    5.337389] ohci-pci: OHCI PCI platform driver
[    5.341007] ohci-platform: OHCI generic platform driver
[    5.349856] uhci_hcd: USB Universal Host Controller Interface driver
[    5.353577] i8042: PNP: PS/2 Controller [PNP0303:PS2K,PNP0f03:PS2M] at 0x60,0x64 irq 1,12
[    5.360965] serio: i8042 KBD port at 0x60,0x64 irq 1
[    5.366142] serio: i8042 AUX port at 0x60,0x64 irq 12
[    5.370484] mousedev: PS/2 mouse device common for all mice
[    5.375926] rtc_cmos rtc_cmos: rtc core: registered rtc_cmos as rtc0
[    5.389744] rtc_cmos rtc_cmos: alarms up to one day, 114 bytes nvram
[    5.394978] i2c /dev entries driver
[    5.397854] input: AT Translated Set 2 keyboard as /devices/platform/i8042/serio0/input/input2
[    5.406203] device-mapper: uevent: version 1.0.3
[    5.409187] device-mapper: ioctl: 4.34.0-ioctl (2015-10-28) initialised: dm-devel@redhat.com
[    5.413239] ledtrig-cpu: registered to indicate activity on CPUs
[    5.420672] NET: Registered protocol family 10
[    5.429444] NET: Registered protocol family 17
[    5.431834] Key type dns_resolver registered
[    5.436209] registered taskstats version 1
[    5.438729] Loading compiled-in X.509 certificates
[    5.445562] Loaded X.509 cert 'Build time autogenerated kernel key: fc7b57a7df019f2655f66a8a374d74ee8f4999fc'
[    5.458219] zswap: loaded using pool lzo/zbud
[    5.464563] Key type trusted registered
[    5.486665] Key type encrypted registered
[    5.491960] AppArmor: AppArmor sha1 policy hashing enabled
[    5.495212] ima: No TPM chip found, activating TPM-bypass!
[    5.504385] evm: HMAC attrs: 0x1
[    5.514800]   Magic number: 6:757:925
[    5.531206] rtc_cmos rtc_cmos: setting system clock to 2018-06-15 07:54:09 UTC (1529049249)
[    5.545057] BIOS EDD facility v0.16 2004-Jun-25, 0 devices found
[    5.548097] EDD information not available.
[    5.559774] Freeing unused kernel memory: 1512K
[    5.575313] Write protecting the kernel read-only data: 14336k
[    5.581411] Freeing unused kernel memory: 1688K
[    5.586230] Freeing unused kernel memory: 96K
Loading, please wait...
starting version[    5.679136] random: systemd-udevd: uninitialized urandom read (16 bytes read, 5 bits of entropy available)
 229
[    5.689744] random: udevadm: uninitialized urandom read (16 bytes read, 5 bits of entropy available)
[    5.689783] random: udevadm: uninitialized urandom read (16 bytes read, 5 bits of entropy available)
[    5.708960] random: udevadm: uninitialized urandom read (16 bytes read, 5 bits of entropy available)
[    5.709063] random: udevadm: uninitialized urandom read (16 bytes read, 5 bits of entropy available)
[    5.709350] random: udevadm: uninitialized urandom read (16 bytes read, 5 bits of entropy available)
[    5.709455] random: udevadm: uninitialized urandom read (16 bytes read, 5 bits of entropy available)
[    5.709583] random: udevadm: uninitialized urandom read (16 bytes read, 5 bits of entropy available)
[    5.709692] random: udevadm: uninitialized urandom read (16 bytes read, 5 bits of entropy available)
[    5.709792] random: udevadm: uninitialized urandom read (16 bytes read, 5 bits of entropy available)
[    5.772394] tsc: Refined TSC clocksource calibration: 2711.903 MHz
[    5.772397] clocksource: tsc: mask: 0xffffffffffffffff max_cycles: 0x27172ac7c57, max_idle_ns: 440795216551 ns
[    5.925825] e1000: Intel(R) PRO/1000 Network Driver - version 7.3.21-k8-NAPI
[    5.930190] e1000: Copyright (c) 1999-2006 Intel Corporation.
[    5.949655] Fusion MPT base driver 3.04.20
[    5.956100] Copyright (c) 1999-2008 LSI Corporation
[    6.046040] AVX2 version of gcm_enc/dec engaged.
[    6.055711] AES CTR mode by8 optimization enabled
[    6.142915] Fusion MPT SPI Host driver 3.04.20
[    6.264373] input: ImExPS/2 Generic Explorer Mouse as /devices/platform/i8042/serio1/input/input4
[    6.803330] e1000 0000:00:03.0 eth0: (PCI:33MHz:32-bit) 02:69:07:7b:a1:bd
[    6.833404] e1000 0000:00:03.0 eth0: Intel(R) PRO/1000 Network Connection
[    7.611116] e1000 0000:00:08.0 eth1: (PCI:33MHz:32-bit) 08:00:27:ee:2e:85
[    7.631208] e1000 0000:00:08.0 eth1: Intel(R) PRO/1000 Network Connection
[    7.660450] e1000 0000:00:08.0 enp0s8: renamed from eth1
[    7.668861] mptbase: ioc0: Initiating bringup
[    7.684253] e1000 0000:00:03.0 enp0s3: renamed from eth0
[    7.777355] ioc0: LSI53C1030 A0: Capabilities={Initiator}
[    8.198195] scsi host2: ioc0: LSI53C1030 A0, FwRev=00000000h, Ports=1, MaxQ=256, IRQ=20
[    8.378821] scsi 2:0:0:0: Direct-Access     VBOX     HARDDISK         1.0  PQ: 0 ANSI: 5
[    8.383080] scsi target2:0:0: Beginning Domain Validation
[    8.414171] scsi target2:0:0: Domain Validation skipping write tests
[    8.436659] scsi target2:0:0: Ending Domain Validation
[    8.440263] scsi target2:0:0: asynchronous
[    8.444192] scsi 2:0:1:0: Direct-Access     VBOX     HARDDISK         1.0  PQ: 0 ANSI: 5
[    8.448306] scsi target2:0:1: Beginning Domain Validation
[    8.455212] scsi target2:0:1: Domain Validation skipping write tests
[    8.465035] scsi target2:0:1: Ending Domain Validation
[    8.476430] scsi target2:0:1: asynchronous
[    8.492437] sd 2:0:0:0: Attached scsi generic sg0 type 0
[    8.504371] sd 2:0:0:0: [sda] 20971520 512-byte logical blocks: (10.7 GB/10.0 GiB)
[    8.516345] sd 2:0:1:0: [sdb] 20480 512-byte logical blocks: (10.5 MB/10.0 MiB)
[    8.516578] sd 2:0:1:0: [sdb] Write Protect is off
[    8.516728] sd 2:0:1:0: [sdb] Incomplete mode parameter data
[    8.516731] sd 2:0:1:0: [sdb] Assuming drive cache: write through
[    8.548375] sd 2:0:1:0: Attached scsi generic sg1 type 0
[    8.553496] sd 2:0:1:0: [sdb] Attached SCSI disk
[    8.562803] sd 2:0:0:0: [sda] Write Protect is off
[    8.566962] sd 2:0:0:0: [sda] Incomplete mode parameter data
[    8.572174] sd 2:0:0:0: [sda] Assuming drive cache: write through
[    8.578066]  sda: sda1
[    8.583075] sd 2:0:0:0: [sda] Attached SCSI disk
Begin: Loading essential drivers ... [   11.092488] md: linear personality registered for level -1
[   11.119870] md: multipath personality registered for level -4
[   11.153051] md: raid0 personality registered for level 0
[   11.165910] md: raid1 personality registered for level 1
[   11.271730] raid6: sse2x1   gen()  2008 MB/s
[   11.347699] raid6: sse2x1   xor()  1953 MB/s
[   11.433596] raid6: sse2x2   gen()  3251 MB/s
[   11.516418] raid6: sse2x2   xor()   874 MB/s
[   11.593688] raid6: sse2x4   gen()  2197 MB/s
[   11.665815] raid6: sse2x4   xor()  1552 MB/s
[   11.738640] raid6: avx2x1   gen()  4815 MB/s
[   11.808830] raid6: avx2x2   gen()  4837 MB/s
[   11.880381] raid6: avx2x4   gen()  9006 MB/s
[   11.883067] raid6: using algorithm avx2x4 gen() 9006 MB/s
[   11.885898] raid6: using avx2x2 recovery algorithm
[   11.902150] xor: automatically using best checksumming function:
[   11.975399]    avx       :  7082.000 MB/sec
[   11.984012] async_tx: api initialized (async)
[   12.009469] md: raid6 personality registered for level 6
[   12.015404] md: raid5 personality registered for level 5
[   12.020038] md: raid4 personality registered for level 4
[   12.049051] md: raid10 personality registered for level 10
done.
Begin: Running /scripts/init-premount ... done.
Begin: Mounting root file system ... Begin: Running /scripts/local-top ... done.
Begin: Running /scripts/local-premount ... [   12.129602] Btrfs loaded
Scanning for Btrfs filesystems
done.
Warning: fsck not present, so sk[   12.209818] EXT4-fs (sda1): mounted filesystem with ordered data mode. Opts: (null)
ipping root file system
done.
Begin: Running /scripts/local-bottom ... done.
Begin: Running /scripts/init-bottom ... done.
[   12.452252] systemd[1]: systemd 229 running in system mode. (+PAM +AUDIT +SELINUX +IMA +APPARMOR +SMACK +SYSVINIT +UTMP +LIBCRYPTSETUP +GCRYPT +GNUTLS +ACL +XZ -LZ4 +SECCOMP +BLKID +ELFUTILS +KMOD -IDN)
[   12.479790] systemd[1]: Detected virtualization oracle.
[   12.497237] systemd[1]: Detected architecture x86-64.

Welcome to [1mUbuntu 16.04.3 LTS[0m!

[   12.551103] systemd[1]: Set hostname to <minion01>.
[   12.936484] systemd[1]: Listening on Journal Audit Socket.
[[0;32m  OK  [0m] Listening on Journal Audit Socket.
[   13.02213] systemd[]: Listening on Syslog Socket.

[[0;32m  OK  [0m] Listening on Syslog Socket.
[   13.324391] systemd[1]: Listening on udev Kernel Socket.
[[0;32m  OK  [0m] Listening on udev Kernel Socket.
[   13.848343] systemd[1]: Reached target Swap.
[[0;32m  OK  [0m] Reached target Swap.
[   1.853253] systemd[1]: Listening on LVM2 metadata daemon socket.
[[0;32m  OK  [0m] Listening on LVM2 metadata daemon socket.
[   14.193665] systemd[1]: Created slice System Slice.
[[0;32m  OK  [0m] Created slice System Slice.
[   14.405112] systemd[1]: Created slice system-serial\x2dgettyslice.
[[0;32m  OK  [0m] Created slice system-serial\x2dgetty.slice.
[   15.239631] systemd[1]: Set up automount Arbitrary Executabe File Formats File System Automount Point.

[[0;32m  OK  [0m] Set up automount Arbitrary Executab...ats File System Automount Point.
[   15.373582] systemd[]:Started Forward Password Requests to Wall Directory Watch.
[[0;32m  OK  [0m] Started Forward Password Requests to Wall Directory Watch.
[   15.847967] systemd[1]: Listening on Journal Socket (/dev/log).
[[0;32m  OK  [0m] Listening on Journal Socket (/dev/log).
[  16.078511] systemd[1]: Listening on Device-mapper event daemon FIFOs.
[[0;32m  OK  [0m] Listening on Device-mapper event daemon FIFOs.
[   16.304262] systemd[1: Created slice User and Session Slice.
[[0;32m  OK  [0m] Created slice User and Session Slice.
[   16.630297] systemd[1]: Reached target Slices.
[[0;32m  OK  [0m] Reached target Slices.
[   16.636793] systemd[1]: Reached target System Time Synchronized.
[[0;32m  OK  [0m] Reached target System Time Synchronized.
[   16.644742] systemd[1]: Listening on LVM2 poll daemon socket.
[[0;32m  OK  [0m] Listening on LVM2 poll daemon socket.
[   16.676879] systemd[1]: Listening on udev Control Socket.
[[0;32m  OK  [0m] Listening on udev Control Socket.
[   16.883985] systemd[1]: Reached target User and Group Name Lookups.
[[0;32m  OK  [0m] Reached target User and Group Name Lookups.
[   16.895004] systemd[1]: Listening on /dev/initctl CompatibilityNaedPipe.
[[0;32m  OK  [0m] Listening on /dev/initctl Compatibility Named Pipe.
[   17.259345] systemd[1]: Listening on Journal Socket.
[   17.286970] random: nonblocking pool is initialized
[[0;32m  OK  [0m] Listening on Journal Socket.
[   17.307720] systemd[1]: Starting Nameserver information manager...
         Starting Nameserver information manager...
[   17.350398] systemd[1]: Starting Monitoring of LVM2 mirrors, snapshots etc. using dmeventd or progress polling...
         Starting Monitoring of LVM2 mirrors... dmeventd or progress polling...
[   17.391655] systemd[1]: Starting Remount Root and Kernel File Systems...
         Starting Remount Root and Kernel File Systems...[   17.413984] EXT4-fs (sda1): re-mounted. Opts: (null)

[   17.439204] systemd[1]: Mounting Huge Pages File System...
         Mounting Huge Pages File System...
[   17.498779] systemd[1]: Starting Load Kernel Modules...
         Starting Load Kernel Modules...
[   17.515099] systemd[1]: Starting Set console keymap...
         Starting Set console keymap...
[   17.548810] Loading iSCSI transport class v2.0-870.
[   17.552190] systemd[1]: Starting Journal Service...
         Starting Journal Service...
[   17.631953] systemd[1]: Mounting POSIX Message Queue File System...
[   17.632362] iscsi: registered transport (tcp)
         Mounting POSIX Message Queue File System...
[   17.705780] systemd[1]: Mounting Debug File System...
         Mounting Debug File System...
[   17.715804] systemd[1]: Starting Uncomplicated firewall...
         Starting Uncomplicated firewall...
[   17.733346] systemd[1]: Starting Create list of required static device nodes for the current kernel...
         Starting Create list of required st... nodes for the current kernel...
[   17.772626] systemd[1]: Started Trigger resolvconf update for networkd DNS.
[[0;32m  OK  [0m] Started Trigger resolvconf update for networkd DNS.
[   17.782222] systemd[1]: Reached target Encrypted Volumes.
[[0;32m  OK  [0m] Reached target Encrypted Volumes.
[   17.825143] systemd[1]: Mounted Debug File System.
[[0;32m  OK  [0m] Mounted Debug File System.
[   17.837178] systemd[1]: Mounted Huge Pages File System.
[[0;32m  OK  [0m] Mounted Huge Pages File System.
[   17.922547] systemd[1]: Mounted POSIX Message Queue File System.
[[0;32m  OK  [0m] Mounted POSIX Message Queue File System.
[   18.110489] systemd[1]: Started Journal Service.
[[0;32m  OK  [0m] Started Journal Service.
[   18.134245] iscsi: registered transport (iser)
[[0;32m  OK  [0m] Started Remount Root and Kernel File Systems.
[[0;32m  OK  [0m] Started Load Kernel Modules.
[[0;32m  OK  [0m] Started Set console keymap.
[[0;32m  OK  [0m] Started Uncomplicated firewall.
[[0;32m  OK  [0m] Started Create list of required sta...ce nodes for the current kernel.
[[0;32m  OK  [0m] Started Nameserver information manager.
[[0;32m  OK  [0m] Started LVM2 metadata daemon.
         Starting Create Static Device Nodes in /dev...
         Starting Apply Kernel Variables...
         Mounting FUSE Control File System...
         Starting Initial cloud-init job (pre-networking)...
         Starting Load/Save Random Seed...
         Starting udev Coldplug all Devices...
         Starting Flush Journal to Persistent Storage...
[[0;32m  OK  [0m] Mounted FUSE Control File System.
[[0;32m  OK  [0m] Started Apply Kernel Variables.
[[0;32m  OK  [0m] Started Create Static Device Nodes in /dev.
[[0;32m  OK  [0m] Started Load/Save Random Seed.
[[0;32m  OK  [0m] Started Monitoring of LVM2 mirrors,...ng dmeventd or progress polling.
[[0;32m  OK  [0m] Started udev Coldplug all Devices.
[[0;32m  OK  [0m] Started Flush Journal to Persistent Storage.
         Starting udev Kernel Device Manager...
[[0;32m  OK  [0m] Started udev Kernel Device Manager.
[[0;32m  OK  [0m] Reached target Local File Systems (Pre).
[[0;32m  OK  [0m] Reached target Local File Systems.
         Starting LSB: AppArmor initialization...
         Starting Create Volatile Files and Directories...
         Starting Set console font and keymap...
         Starting Tell Plymouth To Write Out Runtime Data...
[[0;32m  OK  [0m] Started Dispatch Password Requests to Console Directory Watch.
[[0;32m  OK  [0m] Started Create Volatile Files and Directories.
[[0;32m  OK  [0m] Started Tell Plymouth To Write Out Runtime Data.
         Starting Update UTMP about System Boot/Shutdown...
[[0;32m  OK  [0m] Started Update UTMP about System Boot/Shutdown.
[[0;32m  OK  [0m] Started LSB: AppArmor initialization.
[[0;32m  OK  [0m] Found device /dev/ttyS0.
[[0;32m  OK  [0m] Found device 82540EM Gigabit Ethern...r (PRO/1000 MT Desktop Adapter).
[[0;32m  OK  [0m] Listening on Load/Save RF Kill Switch Status /dev/rfkill Watch.
[[0;32m  OK  [0m] Found device 82540EM Gigabit Ethern...r (PRO/1000 MT Desktop Adapter).
[[0;32m  OK  [0m] Started Set console font and keymap.
[[0;32m  OK  [0m] Created slice system-getty.slice.
[   20.647956] cloud-init[445]: Cloud-init v. 17.1 running 'init-local' at Fri, 15 Jun 2018 07:54:26 +0000. Up 19.69 seconds.
[[0;32m  OK  [0m] Started Initial cloud-init job (pre-networking).
[[0;32m  OK  [0m] Reached target Network (Pre).
[[0;32m  OK  [0m] Started ifup for enp0s8.
         Starting Raise network interfaces...
[[0;32m  OK  [0m] Started ifup for enp0s3.
[[0;32m  OK  [0m] Started Raise network interfaces.
         Starting Initial cloud-init job (metadata service crawler)...
[[0;32m  OK  [0m] Reached target Network.
[   22.566350] cloud-init[1050]: Cloud-init v. 17.1 running 'init' at Fri, 15 Jun 2018 07:54:28 +0000. Up 21.86 seconds.
[   22.586722] cloud-init[1050]: ci-info: ++++++++++++++++++++++++++++++++++++++Net device info++++++++++++++++++++++++++++++++++++++
[   22.596538] cloud-init[1050]: ci-info: +--------+------+-----------------------------+---------------+-------+-------------------+
[   22.634485] cloud-init[1050]: ci-info: | Device |  Up  |           Address           |      Mask     | Scope |     Hw-Address    |
[   22.649018] cloud-init[1050]: ci-info: +--------+------+-----------------------------+---------------+-------+-------------------+
[   22.674354] cloud-init[1050]: ci-info: | enp0s3 | True |          10.0.2.15          | 255.255.255.0 |   .   | 02:69:07:7b:a1:bd |
[   22.674809] cloud-init[1050]: ci-info: | enp0s3 | True |  fe80::69:7ff:fe7b:a1bd/64  |       .       |  link | 02:69:07:7b:a1:bd |
[[0;32m  OK  [0m] Started Initial cloud-init job (metadata service crawler).
[   22.675017] cloud-init[1050]: ci-info: | enp0s8 | True |         172.17.8.101        | 255.255.255.0 |   .   | 08:00:27:ee:2e:85 |
[   22.733336] cloud-init[1050]: ci-info: | enp0s8 | True | fe80::a00:27ff:feee:2e85/64 |       .       |  link | 08:00:27:ee:2e:85 |
[   22.788883] cloud-init[1050]: ci-info: |   lo   | True |          127.0.0.1          |   255.0.0.0   |   .   |         .         |
[   22.790776] cloud-init[1050]: ci-info: |   lo   | True |           ::1/128           |       .       |  host |         .         |
[   22.814007] cloud-init[1050]: ci-info: +--------+------+-----------------------------+---------------+-------+-------------------+
[   22.814130] cloud-init[1050]: ci-info: +++++++++++++++++++++++++++Route IPv4 info++++++++++++++++++++++++++++
[   22.814282] cloud-init[1050]: ci-info: +-------+-------------+----------+---------------+-----------+-------+
[   22.814383] cloud-init[1050]: ci-info: | Route | Destination | Gateway  |    Genmask    | Interface | Flags |
[   22.814870] cloud-init[1050]: ci-info: +-------+-------------+----------+---------------+-----------+-------+
[   22.815321] cloud-init[1050]: ci-info: |   0   |   0.0.0.0   | 10.0.2.2 |    0.0.0.0    |   enp0s3  |   UG  |
[   22.816404] cloud-init[1050]: ci-info: |   1   |   10.0.2.0  | 0.0.0.0  | 255.255.255.0 |   enp0s3  |   U   |
[   22.816513] cloud-init[1050]: ci-info: |   2   |  172.17.8.0 | 0.0.0.0  | 255.255.255.0 |   enp0s8  |   U   |
[   22.816607] cloud-init[1050]: ci-info: +-------+-------------+----------+---------------+-----------+-------+
[[0;32m  OK  [0m] Reached target System Initialization.
[[0;32m  OK  [0m] Started Timer to automatically refresh installed snaps.
         Starting Docker Socket for the API.
         Starting Socket activation for snappy daemon.
[[0;32m  OK  [0m] Listening on ACPID Listen Socket.
[[0;32m  OK  [0m] Started Daily Cleanup of Temporary Directories.
[[0;32m  OK  [0m] Listening on UUID daemon activation socket.
[[0;32m  OK  [0m] Started ACPI Events Check.
[[0;32m  OK  [0m] Reached target Paths.
         Starting LXD - unix socket.
[[0;32m  OK  [0m] Listening on D-Bus System Message Bus Socket.
[[0;32m  OK  [0m] Reached target Cloud-config availability.
[[0;32m  OK  [0m] Reached target Network is Online.
[[0;32m  OK  [0m] Started Daily apt download activities.
[[0;32m  OK  [0m] Started Daily apt upgrade and clean activities.
[[0;32m  OK  [0m] Reached target Timers.
         Starting iSCSI initiator daemon (iscsid)...
[[0;32m  OK  [0m] Listening on Docker Socket for the API.
[[0;32m  OK  [0m] Listening on Socket activation for snappy daemon.
[[0;32m  OK  [0m] Listening on LXD - unix socket.
[[0;32m  OK  [0m] Started iSCSI initiator daemon (iscsid).
         Starting Login to default iSCSI targets...
[[0;32m  OK  [0m] Reached target Sockets.
[[0;32m  OK  [0m] Reached target Basic System.
         Starting /etc/rc.local Compatibility...
[[0;32m  OK  [0m] Started Unattended Upgrades Shutdown.
         Starting LSB: MD monitoring daemon...
[[0;32m  OK  [0m] Started FUSE filesystem for LXC.
         Starting System Logging Service...
         Starting Apply the settings specified in cloud-config...
         Starting The Salt Minion...
         Starting vboxadd.service...
         Starting LSB: Record successful boot for GRUB...
[[0;32m  OK  [0m] Started D-Bus System Message Bus.
[[0;32m  OK  [0m] Started ACPI event daemon.
         Starting OpenBSD Secure Shell server...
         Starting Login Service...
[[0;32m  OK  [0m] Started Deferred execution scheduler.
         Starting A high performance web server and a reverse proxy server...
         Starting Snappy daemon...
         Starting Docker Application Container Engine...
         Starting LXD - container startup/shutdown...
         Starting Accounts Service...
[[0;32m  OK  [0m] Started Regular background program processing daemon.
[[0;32m  OK  [0m] Started System Logging Service.
[[0;32m  OK  [0m] Started OpenBSD Secure Shell server.
[[0;32m  OK  [0m] Started /etc/rc.local Compatibility.
[[0;32m  OK  [0m] Started vboxadd.service.
[[0;32m  OK  [0m] Started Login to default iSCSI targets.
[[0;32m  OK  [0m] Started LSB: MD monitoring daemon.
[[0;32m  OK  [0m] Started Snappy daemon.
[[0;32m  OK  [0m] Started LXD - container startup/shutdown.
[[0;32m  OK  [0m] Started LSB: Record successful boot for GRUB.
[[0;32m  OK  [0m] Started A high performance web server and a reverse proxy server.
[[0;32m  OK  [0m] Started Login Service.
         Starting Authenticate and Authorize Users to Run Privileged Tasks...
[[0;32m  OK  [0m] Reached target Remote File Systems (Pre).
[[0;32m  OK  [0m] Reached target Remote File Systems.
         Starting LSB: Set the CPU Frequency Scaling governor to "ondemand"...
         Starting LSB: daemon to balance interrupts for SMP systems...
         Starting LSB: Set up cgroupfs mounts....
         Starting Permit User Sessions...
         Starting LSB: automatic crash report generation...
         Starting vboxadd-service.service...
[[0;32m  OK  [0m] Started LSB: Set up cgroupfs mounts..
[[0;32m  OK  [0m] Started Permit User Sessions.
[[0;32m  OK  [0m] Started Authenticate and Authorize Users to Run Privileged Tasks.
[[0;32m  OK  [0m] Started Accounts Service.
[[0;1;31mFAILED[0m] Failed to start vboxadd-service.service.
See 'systemctl status vboxadd-service.service' for details.
[[0;32m  OK  [0m] Started LSB: Set the CPU Frequency Scaling governor to "ondemand".
[[0;32m  OK  [0m] Started LSB: daemon to balance interrupts for SMP systems.
         Starting Hold until boot process finishes up...
         Starting Terminate Plymouth Boot Screen...
[[0;32m  OK  [0m] Started LSB: automatic crash report generation.
[[0;32m  OK  [0m] Started Hold until boot process finishes up.
[[0;32m  OK  [0m] Started Terminate Plymouth Boot Screen.
[[0;32m  OK  [0m] Started Getty on tty1.
[[0;32m  OK  [0m] Started Serial Getty on ttyS0.
[[0;32m  OK  [0m] Reached target Login Prompts.
         Starting Set console scheme...
[[0;32m  OK  [0m] Started Set console scheme.
[[0;32m  OK  [0m] Started The Salt Minion.
[   26.929184] cloud-init[1127]: Cloud-init v. 17.1 running 'modules:config' at Fri, 15 Jun 2018 07:54:3         Stopping ACPI event daemon...
[[0;32m  OK  [0m] Stopped target Timers.
         St         Stopping User Manager for UID 1000...
[[0;32m  OK  [0m] Closed Load/Save RF Kill Si[[0;32m  OK  [0m] Stopped Wait until snapd is fully seeded.
         Stopping Snappy daemon...
         Stopping vboxadd.service...
         Stopping LSB: daemon to balance interrupts for SMP systems...
         Stopping LSB: Record successful boot for GRUB...
         Stopping Deferred execution scheduler...
         Stopping User Manager for UID 112...
         Stopping OpenBSD Secure Shell server...
         Stopping Unattended Upgrades Shutdown...
[[0;32m  OK  [0m] Unmounted /var/lib/lxcfs.
[[0;32m  OK  [0m] Stopped Deferred execution scheduler.
[[0;32m  OK  [0m] Stopped OpenBSD Secure Shell server.
[[0;32m  OK  [0m] Stopped Accounts Service.
[[0;32m  OK  [0m] Stopped System Logging Service.
[[0;32m  OK  [0m] Stopped ACPI event daemon.
[[0;32m  OK  [0m] Stopped Regular background program processing daemon.
[[0;32m  OK  [0m] Stopped Snappy daemon.
[[0;32m  OK  [0m] Stopped Authenticate and Authorize Users to Run Privileged Tasks.
[[0;32m  OK  [0m] Stopped Serial Getty on ttyS0.
[[0;32m  OK  [0m] Stopped Getty on tty1.
[[0;32m  OK  [0m] Stopped User Manager for UID 112.
[[0;32m  OK  [0m] Stopped Session c1 of user jenkins.
[[0;32m  OK  [0m] Stopped User Manager for UID 1000.
[[0;32m  OK  [0m] Stopped Session 18 of user vagrant.
[[0;32m  OK  [0m] Stopped D-Bus System Message Bus.
[[0;32m  OK  [0m] Stopped FUSE filesystem for LXC.
[[0;32m  OK  [0m] Stopped LSB: MD monitoring daemon.
[[0;32m  OK  [0m] Unmounted /srv/pillar.
[[0;32m  OK  [0m] Unmounted /srv/salt.
[[0;32m  OK  [0m] Unmounted /vagrant.
[[0;32m  OK  [0m] Stopped vboxadd.service.
[[0;32m  OK  [0m] Stopped Unattended Upgrades Shutdown.
[[0;32m  OK  [0m] Stopped LSB: Set the CPU Frequency Scaling governor to "ondemand".
[[0;32m  OK  [0m] Stopped LXD - container startup/shutdown.
[[0;32m  OK  [0m] Stopped LSB: Record successful boot for GRUB.
[[0;32m  OK  [0m] Stopped LSB: daemon to balance interrupts for SMP systems.
[[0;32m  OK  [0m] Stopped LSB: automatic crash report generation.
[[0;32m  OK  [0m] Removed slice User Slice of vagrant.
[[0;32m  OK  [0m] Removed slice User Slice of jenkins.
         Stopping Login Service...
[[0;32m  OK  [0m] Removed slice system-getty.slice.
[[0;32m  OK  [0m] Removed slice system-serial\x2dgetty.slice.
         Stopping Permit User Sessions...
[[0;32m  OK  [0m] Stopped /etc/rc.local Compatibility.
[[0;32m  OK  [0m] Stopped The Salt Master Server.
[[0;32m  OK  [0m] Stopped LSB: Start Jenkins at boot time.
[[0;32m  OK  [0m] Stopped Permit User Sessions.
[[0;32m  OK  [0m] Stopped target Remote File Systems.
[[0;32m  OK  [0m] Stopped target Remote File Systems (Pre).
         Stopping Login to default iSCSI targets...
[[0;32m  OK  [0m] Stopped Login Service.
[[0;32m  OK  [0m] Stopped Login to default iSCSI targets.
         Stopping iSCSI initiator daemon (iscsid)...
[[0;32m  OK  [0m] Stopped target Basic System.
[[0;32m  OK  [0m] Stopped target Paths.
[[0;32m  OK  [0m] Stopped Dispatch Password Requests to Console Directory Watch.
[[0;32m  OK  [0m] Stopped Forward Password Requests to Wall Directory Watch.
[[0;32m  OK  [0m] Stopped ACPI Events Check.
[[0;32m  OK  [0m] Stopped target Sockets.
[[0;32m  OK  [0m] Closed ACPID Listen Socket.
[[0;32m  OK  [0m] Closed Socket activation for snappy daemon.
[[0;32m  OK  [0m] Closed UUID daemon activation socket.
[[0;32m  OK  [0m] Closed Syslog Socket.
[[0;32m  OK  [0m] Closed LXD - unix socket.
[[0;32m  OK  [0m] Stopped target Slices.
[[0;32m  OK  [0m] Removed slice User and Session Slice.
[[0;32m  OK  [0m] Stopped target User and Group Name Lookups.
[[0;32m  OK  [0m] Closed D-Bus System Message Bus Socket.
[[0;32m  OK  [0m] Stopped target System Initialization.
         Stopping Load/Save Random Seed...
[[0;32m  OK  [0m] Stopped target Encrypted Volumes.
[[0;32m  OK  [0m] Stopped target Swap.
         Stopping Update UTMP about System Boot/Shutdown...
[[0;32m  OK  [0m] Stopped iSCSI initiator daemon (iscsid).
[[0;32m  OK  [0m] Stopped Load/Save Random Seed.
[[0;32m  OK  [0m] Stopped Update UTMP about System Boot/Shutdown.
[[0;32m  OK  [0m] Stopped Create Volatile Files and Directories.
[[0;32m  OK  [0m] Stopped target Network is Online.
[[0;32m  OK  [0m] Stopped Initial cloud-init job (metadata service crawler).
[[0;32m  OK  [0m] Stopped target Network.
         Stopping Raise network interfaces...
[[0;32m  OK  [0m] Stopped Raise network interfaces.
[[0;32m  OK  [0m] Stopped target Local File Systems.
         Unmounting /run/user/1000...
         Unmounting /run/user/112...
[[0;32m  OK  [0m] Stopped target Network (Pre).
[[0;32m  OK  [0m] Stopped Initial cloud-init job (pre-networking).
[[0;32m  OK  [0m] Stopped Apply Kernel Variables.
[[0;32m  OK  [0m] Stopped Load Kernel Modules.
[[0;32m  OK  [0m] Unmounted /run/user/1000.
[[0;32m  OK  [0m] Unmounted /run/user/112.
[[0;32m  OK  [0m] Reached target Unmount All Filesystems.
[[0;32m  OK  [0m] Stopped target Local File Systems (Pre).
[[0;32m  OK  [0m] Stopped Remount Root and Kernel File Systems.
[[0;32m  OK  [0m] Stopped Create Static Device Nodes in /dev.
[[0;32m  OK  [0m] Reached target Shutdown.
[5431.51] ebt:ow down
gets...
[[0;32m  OK  [0m] Stopped Login Service.
[[0;32m  OK  [0m] Stopped target User and Group Name Lookups.
[[0;32m  OK  [0m] Stopped Login to default iSCSI targets.
         Stopping iSCSI initiator daemon (iscsid)...
[[0;32m  OK  [0m] Stopped iSCSI initiator daemon (iscsid).
[[0;32m  OK  [0m] Unmounted /run/docker/netns/8cb9d0fcd293.
[[0;32m  OK  [0m] Unmounted /run/docker/netns/1-dkulhqcgwg.
[[0;32m  OK  [0m] Unmounted /var/lib/docker/container...dc4907c510dfa99136ad/mounts/shm.
[[0;32m  OK  [0m] Unmounted /var/lib/docker/overlay2/...f5cc3ba6f49a926793a1be5d/merged.
[[0;32m  OK  [0m] Unmounted /run/docker/netns/b345aa489ca5.
[[0;32m  OK  [0m] Unmounted /var/lib/docker/container...c81f178c4f86bfdc8c97/mounts/shm.
[[0;32m  OK  [0m] Unmounted /var/lib/docker/overlay2/...a028b6a1bed6b69e73712516/merged.
[[0;32m  OK  [0m] Unmounted /run/docker/netns/1-l5rf4jl81q.
[[0;32m  OK  [0m] Unmounted /var/lib/docker/overlay2/...17df38d4f61b432b1f009479/merged.
[[0;32m  OK  [0m] Unmounted /run/docker/netns/31a21cf86c37.
[[0;32m  OK  [0m] Unmounted /run/docker/netns/a65bb804380f.
[[0;32m  OK  [0m] Unmounted /var/lib/docker/container...cd970c20837c2783cb06/mounts/shm.
[[0;32m  OK  [0m] Unmounted /var/lib/docker/overlay2/...8afde85061df7b56feb99288/merged.
[[0;32m  OK  [0m] Unmounted /var/lib/docker/container...fafded2c8415161fcc9f/mounts/shm.
[[0;32m  OK  [0m] Unmounted /var/lib/docker/overlay2/...4664502518c564a9757a7fae/merged.
[[0;32m  OK  [0m] Unmounted /run/docker/netns/1-ik3uh2gqci.
[[0;32m  OK  [0m] Unmounted /run/docker/netns/ingress_sbox.
[[0;32m  OK  [0m] Stopped Docker Application Container Engine.
[[0;32m  OK  [0m] Stopped target Basic System.
[[0;32m  OK  [0m] Stopped target Slices.
[[0;32m  OK  [0m] Removed slice User and Session Slice.
[[0;32m  OK  [0m] Stopped target Paths.
[[0;32m  OK  [0m] Stopped ACPI Events Check.
[[0;32m  OK  [0m] Stopped Forward Password Requests to Wall Directory Watch.
[[0;32m  OK  [0m] Stopped Dispatch Password Requests to Console Directory Watch.
[[0;32m  OK  [0m] Stopped target Sockets.
[[0;32m  OK  [0m] Closed Syslog Socket.
[[0;32m  OK  [0m] Closed Socket activation for snappy daemon.
[[0;32m  OK  [0m] Closed LXD - unix socket.
[[0;32m  OK  [0m] Closed ACPID Listen Socket.
[[0;32m  OK  [0m] Closed D-Bus System Message Bus Socket.
[[0;32m  OK  [0m] Closed UUID daemon activation socket.
[[0;32m  OK  [0m] Stopped target Network is Online.
[[0;32m  OK  [0m] Stopped target Network.
[[0;32m  OK  [0m] Closed Docker Socket for the API.
[[0;32m  OK  [0m] Stopped target System Initialization.
         Stopping Load/Save Random Seed...
[[0;32m  OK  [0m] Stopped target Encrypted Volumes.
[[0;32m  OK  [0m] Stopped target Swap.
[[0;32m  OK  [0m] Stopped Initial cloud-init job (metadata service crawler).
         Stopping Raise network interfaces...
[[0;32m  OK  [0m] Stopped Create Volatile Files and Directories.
[[0;32m  OK  [0m] Stopped Load/Save Random Seed.
[[0;32m  OK  [0m] Stopped Raise network interfaces.
[[0;32m  OK  [0m] Stopped target Network (Pre).
[[0;32m  OK  [0m] Stopped Initial cloud-init job (pre-networking).
[[0;32m  OK  [0m] Stopped Apply Kernel Variables.
[[0;32m  OK  [0m] Stopped Load Kernel Modules.
[[0;32m  OK  [0m] Stopped target Local File Systems.
         Unmounting /run/user/1000...
[[0;32m  OK  [0m] Unmounted /run/user/1000.
[[0;32m  OK  [0m] Reached target Unmount All Filesystems.
[[0;32m  OK  [0m] Stopped target Local File Systems (Pre).
         Stopping Monitoring of LVM2 mirrors... dmeventd or progress polling...
[[0;32m  OK  [0m] Stopped Remount Root and Kernel File Systems.
[[0;32m  OK  [0m] Stopped Create Static Device Nodes in /dev.
[[0;32m  OK  [0m] Reached target Shutdown.
[51288424] reboot: Power down
